- 4 r
- 4.6 c ^ { 2 } d ^ { - 60 }
15 g ^ { 99 } u - 275 q + 9 e ^ { 1 } v ^ { 69 } + 12.6 m
94.4 r ^ { 61 } = 0.7 x g ^ { - 6 } - 4 a v ^ { 4 }
330 i ^ { 1 } + 6737 f ^ { 6 } + 54 i w ^ { - 4 } = - 3
- 2.2 u ^ { - 1 } p ^ { 2 } = 2 b ^ { 8 } + 99
- 54.37 q s
9.7 d = 31.5 e
51 d + 0.61 y l ^ { 3 } = - 6 l
6 j - 2 s ^ { - 5 } m ^ { - 8 }
h ^ { - 4 } a ^ { 65 } - 185 m - 61.2 g ^ { 26 } s y ^ { - 6 } d
8 j - 5 g q ^ { 95 } = - 7.27 h + 16 e ^ { 1 }
- 99 a k ^ { - 5 } n
- 3 z
82 w ^ { 9 } - 7 e
- 7 p ^ { 7 } m ^ { 5 }
- e ^ { 8 } + 9 b d ^ { 6 } - 37 z ^ { - 1 } r ^ { 11 }
- 7.65 g ^ { - 7 } l
672 k
- 7.3 o p ^ { 9 } = - 59 + 6 w n
568 o ^ { 1 } a y ^ { - 9 } = - 53.1 - 9.72 k b ^ { 4 }
6 q - 6.39 r j ^ { 9 } = 9 e ^ { - 7 } c + 71 x r ^ { 9 }
- 8 u = - 18
7 m ^ { 7 } u
957 j = - 94.3 y l ^ { 6 } + w ^ { 3 } a ^ { 9 }
- 5125 s o ^ { 6 } = - 1 i ^ { 1 } t ^ { 4 } + 7.94 k
72 v ^ { 1 } b - 74.4 c
- 756 j ^ { 1 }
1 t n ^ { 82 } h ^ { 7 } + 14.7 m ^ { 3 } j ^ { 1 }
7 d ^ { 2 } i ^ { 9 } + 5.9 r ^ { 1 }
- 1 g ^ { 29 } k j ^ { - 3 } = - 1.4 + 2.1 a ^ { 1 }
- 49.1 b ^ { 7 } s ^ { - 2 } = 6.26 a i ^ { 5 } - 6 v ^ { - 8 }
- 8 k ^ { 7 } p ^ { 3 } = - 55 i - 6.7 q ^ { 6 } j - 2.67
25 i ^ { 6 } t u
- 3 p + 1 s ^ { 7 } t ^ { 7 } g ^ { 7 }
8.05 z ^ { 40 }
3 o - 26.1 v ^ { - 6 } - 0.12 = - 98.7 g ^ { - 3 } a ^ { 7 }
5.92 a ^ { 9 } + 30 s ^ { 1 } k d ^ { 2 } - 4 v ^ { 4 } g
39.88 w
- 1 n u
7 j ^ { 1 }
9 h ^ { 1 } x v ^ { 29 } - 90.6 t
6 g + 8 - 60.49 b s ^ { - 52 } m
11 o - 78.02 l w ^ { 5 } h ^ { 1 } + 8 f ^ { 7 }
- 366 o ^ { - 4 } = - 3.4 k - 3.3 e ^ { 6 }
- 69 j z p
1.6 i ^ { 6 } e + 51 t ^ { - 5 } s + 1 q = - 56 f ^ { 3 }
59.05 r
d ^ { 3 } - 958 p d ^ { - 8 } = 4 + u ^ { - 3 }
- 4.8 w + 4 - 4271 d ^ { 99 } f ^ { - 7 } b
7 l ^ { 7 } = 1.7 r + 76 t ^ { 1 }
- 770
6 a = - 61 x ^ { - 6 }
80 d ^ { 8 } v ^ { - 7 }
- 22.8 n m ^ { 4 }
- 2 i c ^ { 1 } b ^ { 73 } + 5.7 f + 70 y ^ { - 54 }
- 83 k ^ { 7 } = - 3 n ^ { - 6 } + 1
- 7 r ^ { - 1 } - 9 o
- 6.31 x ^ { 30 } t + 21.81 z t i ^ { 1 } + 4.7 t = 284
84.97 f ^ { - 3 } + 7.76 t ^ { 8 }
3 s ^ { 9 } + 582 s ^ { 24 } = 2.3 + 92.0 u ^ { 6 }
77.15 f ^ { 9 } w ^ { - 3 } = 72 w ^ { 8 } p ^ { 8 } - 3
1.4 u ^ { - 9 } j
q ^ { 5 }
- 70 u ^ { 6 } b + 360 u ^ { - 6 } + 35.41 i m ^ { - 54 }
54.1 z ^ { 2 } + 7.1 j ^ { 2 }
449 n = 64 n ^ { - 8 } + 88 f ^ { 3 } s
t ^ { 2 } + y q ^ { 1 } + 9353 q = - 71.8
5 c ^ { 4 } n ^ { - 5 } + 81.99 x + 65.8 f ^ { 8 }
6113 m ^ { - 5 } + 86.30 x s ^ { - 62 }
6.0 y e ^ { 9 }
56.0 x ^ { 8 } f ^ { 8 }
g p ^ { 9 } x ^ { 3 }
7.8 t ^ { 25 } d ^ { - 6 } h - 6 s ^ { 42 }
48.11 + 4.80 s ^ { - 1 } c ^ { 3 } e - 80 u ^ { 4 } k ^ { 5 }
13.08 z ^ { - 48 } + 18.3 p t ^ { 4 } f ^ { - 2 }
- 22.9 i ^ { - 9 } f - 4488 k a + r b ^ { 9 }
16.42 + 1 y = 71 a - 6.02 j ^ { - 9 } h ^ { 7 }
m r o e ^ { 87 }
92 o w ^ { 4 } + 55.05 n ^ { 8 } + 3.39 z ^ { 4 } + 1 n ^ { 3 }
99 a ^ { - 3 } u ^ { - 5 } - 51.0 l ^ { 2 } e + 1333
- 43
- h ^ { - 1 } - 9 n ^ { 7 } z ^ { 41 } - 4.4 w
78 p ^ { 8 } - 9.61 r + 40.29
- 595 s h
7 t ^ { 69 } w - 3.9 f c ^ { - 7 } o ^ { 2 } + 91 k ^ { 4 }
- 8 - 54.8 n b ^ { 3 }
55.5 v ^ { - 5 } k ^ { 2 }
- x
- 81 j ^ { 4 } k ^ { 4 } + 34.73 y u ^ { 6 } j ^ { 7 } = - 72.53 x
5 f ^ { - 2 } j e
34.3 j ^ { 7 } o ^ { 4 } n - j ^ { 7 } r ^ { - 6 } - 52.6 x
h ^ { 2 } p ^ { 2 } + 9.09 v ^ { 8 } d ^ { 7 }
878 a ^ { 9 } k ^ { - 8 } - 2 a ^ { 2 } m
513 e ^ { 50 } d u ^ { - 7 } = 689 t
6 f x ^ { 2 } + 6.5 + 4 c ^ { - 21 } = - 3.09 - 36 d
n ^ { - 2 } - 52 r ^ { - 7 } = 10 c ^ { - 1 } q - 614 i
- 33 n ^ { 3 } q ^ { 13 } + 9 n ^ { 9 } w
- 65 - 77.34 e ^ { 27 }
- c ^ { 8 } t + 82.3 q ^ { - 8 } = 6.5 o ^ { 3 } + 17 l - 5.59
71.87 f + d ^ { 9 } t ^ { 9 } a u ^ { 94 }
- j ^ { 6 } - q ^ { 1 } + 4 m n u
d k ^ { 3 } a + 63.54 i ^ { 5 } u ^ { 7 }
823 e ^ { 2 } + 786 f
- 81.83 m ^ { 7 } g h ^ { - 8 } j ^ { - 6 }
- 4 x t ^ { - 6 }
85 o ^ { 7 } + j ^ { 5 }
9.1 j ^ { 1 } + z ^ { - 9 } + 5 y ^ { 9 }
9 z ^ { - 3 } b g ^ { 78 } = 3 + i ^ { - 4 } + 44 t ^ { 9 }
8848 n - 63.15 f ^ { 2 } v - 86.3 k ^ { 2 } c
2 m p ^ { - 4 } = - 4.97
- 14 q ^ { - 1 } d
- 3.8 p l ^ { 2 } = - 48 k ^ { 8 } - 201 e
5.36 h ^ { - 9 } x p ^ { 47 } j - 13.7 w ^ { 3 } i
93 r
- 7 u ^ { - 6 } n - 7.71 i r y ^ { 6 }
7 b ^ { - 9 } = 32 + 79 v ^ { 9 }
- 136 p ^ { 5 } + 29.0 b ^ { - 9 } - 846
300 - 110 s ^ { 36 } y ^ { 6 } l ^ { - 93 } = 5.88 j
8 g ^ { 7 } a + 9.45 f
75 d ^ { 1 } s ^ { 3 } l ^ { 6 } u ^ { - 7 } - 4 r + 3 w u
- 27.4 h ^ { - 7 } m ^ { 85 } + 6.87 z ^ { - 9 } f q
- 6312 h ^ { - 5 } - 2.9
8 o e ^ { 4 } i = - l ^ { 2 }
- 8.58 o ^ { 7 } + 2.39 k v ^ { 2 } h ^ { - 4 } = 0.13 i + 18
s + 98 c ^ { - 65 } = 9.0 u ^ { - 2 } d ^ { 8 }
9.8 o v ^ { 5 } t k
7.81 r t ^ { 9 } g ^ { 8 } + 83 n - w ^ { 55 }
28 o ^ { 2 } t ^ { - 1 }
- q o ^ { 4 } l ^ { 43 } - 65.42 - 5 + 7.87 l = - 38 c ^ { 3 } + a
73 m + 73.8 i ^ { - 9 } + 63 j ^ { 3 } s m ^ { 8 }
- 89 u - 64 u ^ { 2 } + 7.94 l ^ { 30 }
s ^ { 7 } i ^ { 7 } + 7 b ^ { - 1 }
- 79 y ^ { 82 }
77 + 74 l ^ { - 3 } p = - 0.3 z
96.14 x ^ { 74 } - 81 z ^ { - 3 } o ^ { - 4 } h ^ { 8 } = 1.9
- 979 = 7 d ^ { 5 } k ^ { 8 } - t - c ^ { 2 }
92 i ^ { 1 }
94 f - 51 n ^ { - 3 } w d + 444 o
40 g ^ { 1 } + 9 h m ^ { 5 } l p ^ { 7 }
- 23 q ^ { 8 }
z ^ { 3 } s = - 49.4 + 61.78
56 w ^ { - 7 } g
591 j ^ { - 3 } q i ^ { 9 } - 4 z + 8.5 = 3 i
- 198
4926 c
- 19.45 h ^ { 6 } k = 7.2 w ^ { 6 }
25 d ^ { 2 } = 7 g ^ { - 7 } + 1 r ^ { 5 }
- 30.13 j = - 9 d ^ { - 1 } p ^ { 8 }
- 5 - 96.10 c ^ { - 5 }
720 - m ^ { - 47 } p
56 g
- 868 i ^ { 76 } - 30 x - 89 s ^ { 5 } q ^ { 96 }
19 f ^ { 37 } m + 227 n ^ { 2 } - 4.7 o ^ { 4 } s ^ { - 1 } r
- 41.1 b ^ { 7 } g ^ { 51 } + 6.78 a ^ { - 2 } - 263
- 9.99 u ^ { - 9 } a ^ { 4 } n ^ { 3 }
w ^ { - 5 } k - 41.15 k i ^ { 9 } h
86.5 h y ^ { 2 } e + 8.5 t ^ { 5 } + 2 a
75 b s = 6 - 67 j t ^ { 2 }
- 59 s + 6.38 a ^ { - 4 } d + 79.3 g ^ { - 2 } f ^ { 74 }
433 e ^ { 1 } + 4 s ^ { 7 } k j ^ { 4 }
- 22 f ^ { 5 } + 7.46 z ^ { 23 } t ^ { 6 } h ^ { 3 }
- 99 t ^ { - 4 } z d ^ { 76 } - 3.39 i = 9.0 c
21 y ^ { - 67 } + 6 l + 8 i ^ { 3 }
58 c ^ { 24 } e ^ { - 70 } u f ^ { 1 } = 85
k ^ { - 8 } u ^ { 2 } y ^ { - 1 } + 3.5 + 78.5 y ^ { - 89 }
- 3 g s - 12.0 w
- 5.2 x ^ { 3 }
- 85.39 h ^ { - 40 } y
z o
4.39 z u - 52 s ^ { - 3 }
56.47 i ^ { 2 }
4.9 c h ^ { 78 } n ^ { - 6 }
1 p q n ^ { 9 } + 24.80 f ^ { 43 } r t ^ { 2 } i + 3
- 619 n ^ { 68 } g ^ { 1 } + 585 y ^ { 7 }
67.73 e ^ { 1 }
8140 v
- 4.32 a n ^ { - 6 } f ^ { - 31 } - 60 w ^ { 1 }
- 2.2 v w ^ { 2 } e ^ { 3 } + 2.42 d ^ { - 56 }
- 86 j - 19 w ^ { 9 } - 42 c q ^ { - 2 } = 89.4
- 37 x = t z + 5.2 n ^ { 3 } y
- 82.8 h ^ { 4 } g + 8.8 k ^ { 32 }
84 n ^ { 4 } z ^ { 8 } l ^ { 3 } + 492 u m ^ { 55 }
- 266 t ^ { 8 } q ^ { 7 } - 11.82
- 25.2 h ^ { - 1 } = - b ^ { 4 }
- 79 e ^ { 1 } w ^ { 1 } q + 19 y
- 8 b ^ { - 2 } f ^ { 6 } = 6.67 y ^ { 5 } d ^ { 3 } + 67 h
- i - 33.22 j + 5 w ^ { 7 }
- 9.71 x ^ { 2 } = f ^ { 3 } o ^ { 7 }
- 83.4 y m + u
- 6 v - j
749 - 4 t
8 c d ^ { - 2 } = 48.93
1 h ^ { 1 } u d ^ { 8 } - 7 h
33.1 l c ^ { 4 } - 6316 f ^ { - 9 } - 6.7 w ^ { 4 } b ^ { - 57 }
82 i ^ { 7 } d q + 14 t ^ { - 1 } n
- 54.09 t ^ { 6 } f ^ { 5 }
4065 n ^ { - 6 } a ^ { - 1 } u
- 83 l e + 105 c ^ { 2 } d s ^ { - 2 }
7.14 i n + 533 v u g + 35 m ^ { - 5 } f ^ { - 7 } u
38.4 - 54 l ^ { 1 } k ^ { 5 } q ^ { 6 } - 99 i u ^ { 7 }
b - 69 b ^ { 9 } q
- 40.9 h ^ { 5 } v ^ { 9 } f ^ { 91 } + 73 r ^ { - 7 }
46 w ^ { 1 } o ^ { - 1 } x ^ { - 5 } j + 6.7 k ^ { - 7 }
1 s ^ { 62 } g + 99.22 o ^ { 7 } = 33 c v - 812
- 1098 a ^ { 4 } = 4 f - 40 a ^ { 2 } l
9.95 a ^ { 1 } s ^ { 9 } + 33 e c o - d y ^ { 5 } i ^ { 7 } u
81.96 g ^ { 4 } k ^ { - 5 } + 800 k c ^ { 72 } = 47 z f ^ { 8 }
- 13 q ^ { 3 } l ^ { - 9 } - 3 e ^ { - 95 } = 15.61 j g ^ { 2 }
- 263 = 1.5 b + 89.73
59 o l ^ { 6 } - 64.3 q l ^ { 4 } x ^ { 7 } e ^ { 3 } = 51.75 - 19
51 m r ^ { 8 } w + 6
5 f ^ { 1 } + 843 w ^ { 8 } + 47 - 12 y ^ { 4 } p = - 94 - 55.9
0.7 e ^ { - 42 } + 6 b ^ { 67 } h ^ { 1 }
- 685 n + 7.88 u ^ { - 3 }
- 47 b ^ { 9 } v ^ { 4 } = - h p - 94 n j
15 + 74 = 75 p ^ { 6 }
- 46.53 k h ^ { 50 } + i ^ { 21 }
- 1787 m + 7.4 a ^ { 8 }
3 d
8.1 o ^ { 9 } a ^ { - 9 }
t ^ { - 8 } e ^ { - 8 } + 2.0 k b ^ { 3 } - g y ^ { 2 } d
13 a d ^ { 1 } + 3 j ^ { 3 } + 2.91 n a = - 655 k ^ { - 6 }
267 a ^ { 1 } + 71.08 r ^ { 5 }
8.70 g ^ { 5 } y - w ^ { 4 } = - 1 y ^ { 2 } + 6.4 y ^ { 7 }
15.33 z ^ { 6 } l - 2 z r ^ { - 15 } a ^ { 5 }
67.3 r ^ { 8 } + 0.71 e ^ { 4 } + 3.78 p = - 57.05 c
- c i ^ { - 1 } + 1 w ^ { 54 } y
92 n ^ { 7 } + 50.40 m ^ { 4 } - 66 k j ^ { 8 } e ^ { 6 }
3 u ^ { 5 } v ^ { 2 } p ^ { - 9 } + p ^ { 94 } h ^ { 16 }
4.70 a ^ { 2 }
61.8 m g - 6936 y ^ { 5 } = - 5 c ^ { 7 } t ^ { - 4 }
- w ^ { 97 } v a ^ { 2 } - 1.9 p l - 646 w
- 2176 + 86 i o
12.72 x ^ { 6 } n = k e ^ { - 1 } + 67.8 b
5 m
3.37 c = 76 k
8.3 k ^ { - 60 } s ^ { 8 } = 8.2 g ^ { 2 } e ^ { - 7 }
- 75.39 o ^ { 2 } + 5 z ^ { 1 } + 23.8 y h ^ { 63 } o
- 4.68 c ^ { - 4 } v
1 r ^ { 6 } v d ^ { - 8 } + 6 b
7.5 m ^ { 8 } w ^ { - 7 } - 625 d ^ { 3 } l ^ { 7 } + 4.09 r
a ^ { 8 } p
43.74 j ^ { 5 } r ^ { 7 } u + 49 h b ^ { - 61 } l ^ { 34 }
3 a - 7 l ^ { 19 } = 5.66
926 + 45 w ^ { 1 } l ^ { - 1 } = - 27.9 w ^ { 1 }
- 8.3 i + 2 t h ^ { 8 } + 3 r ^ { - 76 } h ^ { 9 } m = 61
43.44 n ^ { 2 } x
5 t = 58.2 t ^ { - 7 }
w ^ { 5 } - 89.2 i z ^ { 1 }
7 k ^ { 3 } o ^ { - 6 }
- 24.45 m ^ { 2 } j
501 i ^ { 6 } u ^ { 1 }
677 o ^ { - 84 } - 1 n ^ { - 2 } q h ^ { 7 } + c ^ { - 4 }
44 g ^ { 77 } + m ^ { - 3 }
- 205 b a
t ^ { 7 } + 357 q c ^ { 32 } x ^ { 8 } + 697 h
6 x = 3 i ^ { 6 } l + 56.1 c ^ { - 2 } k ^ { 2 }
- 4.8 l ^ { 73 } + 24 y - 302 v ^ { 4 } p = 55.7 k ^ { - 7 } m
- 264 v l a ^ { 37 } + b ^ { 56 } e = - 80 x ^ { 9 } h + 86 g
2.1 n j ^ { - 2 } + 9 s i ^ { - 5 } + w ^ { 2 } x
73.0 n ^ { - 8 } x c s ^ { 2 }
- 2 y ^ { 17 } e + 8.2 p ^ { - 3 } h ^ { 8 } = 9.48 q + 16 r
5 a w ^ { 76 } + 410 x o ^ { - 1 } c ^ { 4 }
- 3510 v ^ { - 4 } d ^ { 2 } + 9358 m ^ { 44 } + 13.09 q y - 11.83 u
- 23.84 x ^ { 4 } z ^ { 1 }
- 9 f ^ { 8 } m ^ { 66 } + 80 j ^ { 3 } = - 24 - 438 d ^ { 7 }
- 1 j ^ { - 56 } f ^ { 7 } - 97 u s ^ { - 2 }
6.78 z ^ { 2 } + z p
- 30 p ^ { - 9 } t ^ { 81 }
- 75.87 y ^ { 6 } - 1.1 j ^ { 5 }
42.81 a d
0.2 a ^ { 4 } r ^ { - 5 } + 830
- 3.2 c
- 68.1 d - 16 e ^ { 6 } k
5089 c g ^ { 42 } + 8317 m
- 4 j a ^ { - 60 }
65 n ^ { - 2 } b ^ { 8 } + 3 w + 5 j s a ^ { - 9 }
7 c ^ { - 1 } k - 471 c ^ { 6 }
3 k ^ { 4 } g ^ { - 4 } + 659 p ^ { - 3 } j = 5.9 z
137 x g - 4 c p ^ { 1 }
34 i ^ { - 19 } u ^ { - 8 } + d ^ { 5 } + 79.33
74.00 m ^ { 8 } f + 9 l
63 e ^ { 16 } w ^ { 61 }
3.5 g ^ { - 9 } = 49 d y
6.29 t ^ { 21 } k + 58.47 p ^ { - 1 } y
g + 10.36 s ^ { 5 } f + 25 q l x + 12 m y
6.0 s ^ { 1 }
59.5 c - 1.56 k ^ { 7 } v ^ { 2 } q
65 r ^ { 83 } v ^ { 69 } + 1.4 s ^ { - 52 } k ^ { 71 }
r ^ { 4 } + 3 v ^ { 2 }
- 5 w ^ { 9 } q ^ { 5 } = 77.0 i ^ { 1 } + 71 k ^ { 7 } p
1.36 - 6 + 335 z ^ { - 1 }
8.3 z ^ { 5 } f ^ { 4 } - 1 q + o ^ { - 4 } w ^ { 9 }
6.3
7.29 y ^ { 6 } + 6500 k ^ { 6 } w ^ { 71 } - 1 n ^ { 8 } - 6 s
- 3 a - 8 - 94 a + 1.13 n b ^ { - 3 } z ^ { 60 }
7.59 f ^ { - 1 } l ^ { 82 } - i ^ { 7 } - 89.3 w a ^ { 6 }
- 2616 v ^ { 4 } m ^ { 6 } - 33 o = 12
62.9 w ^ { 2 } o = 8 i ^ { - 7 } + 2.5
20.0 h a ^ { 20 }
- 720 m v ^ { - 92 } - 84.0 c - 482 q ^ { 66 } m ^ { 4 } a + 1
- 94.51 e ^ { - 5 } x ^ { 8 } v
18.2 a k w + 809 u ^ { - 3 }
- 2.74 d ^ { 9 } k ^ { 7 } - 1 n
28.39 o a ^ { 35 }
- 1.53 q ^ { 6 } f = - 86 k ^ { 7 }
82 h ^ { 9 } s ^ { 48 }
293 x ^ { 2 } + 20 v ^ { - 4 }
- 3 h - 4 q ^ { 73 } + 281
31 q ^ { 3 } + u ^ { 5 } = 4 n ^ { 2 } + 73 x ^ { 9 }
847 y ^ { 5 } - 9.52 j ^ { 6 }
71.26 g ^ { 1 } f ^ { - 2 } + 8.12 g ^ { 46 }
- 8.09 o + 288 j ^ { 74 } h ^ { 8 }
- 1 k ^ { - 69 } f y - 86.9 n ^ { 4 } - 978 b
3.48 c e
748
3 m
- 25 = 59 y ^ { 2 } u ^ { - 2 } - 77 e ^ { - 3 } t ^ { - 9 }
z - 71 v ^ { 5 } h + m ^ { 5 } p ^ { 8 } + 1
92 o - 1.4 z ^ { 3 } = - 8 - 1.9
933 n ^ { 5 } + 9 i ^ { - 6 } = 9
- 566 t ^ { 4 } - 45.50 f ^ { - 3 } = - 8.9 - 9
4.5 u ^ { 6 } + 6.07 s ^ { 6 } + 198 v ^ { - 56 } m - 89.27
37 l ^ { 5 } - 64.04 - 2293 q = 56.16 v ^ { 7 } n + s ^ { 3 } w
96.81 h - y ^ { - 5 } t
6 + 8 i ^ { 8 } f ^ { - 7 } - 98 z ^ { - 2 }
5 + 78 c
- 50 a ^ { 99 } k ^ { - 4 }
- 57.9 f ^ { 5 } v - 20 c v ^ { 6 } u ^ { 9 }
- 3 f ^ { 59 } d ^ { - 6 } = - 49 m ^ { - 5 } - b ^ { - 4 }
54.8 p + r
4 b + 337 e ^ { - 50 } z ^ { - 5 }
1321 g ^ { 2 } + g ^ { 65 } j ^ { 68 }
- 1 k ^ { - 69 } f y - 86.9 n ^ { 4 } - 978 b
748
3 m
- 25 = 59 y ^ { 2 } u ^ { - 2 } - 77 e ^ { - 3 } t ^ { - 9 }
z - 71 v ^ { 5 } h + m ^ { 5 } p ^ { 8 } + 1
92 o - 1.4 z ^ { 3 } = - 8 - 1.9
933 n ^ { 5 } + 9 i ^ { - 6 } = 9
9 - p ^ { - 5 } = 78 k ^ { 1 } + 88
46.4 g ^ { 12 } c ^ { - 5 } q ^ { 4 } - 8.0 o h ^ { 9 }
8 u ^ { - 8 } p ^ { - 23 } - 72
- p - 36.0 f t ^ { - 6 } + 21 l ^ { 5 } = s
- 4.6 y ^ { 2 } p ^ { 4 } o ^ { - 2 } + 159 = 8.0 f ^ { 4 }
- 6 a ^ { 9 } = 23 - 9 s q ^ { - 9 }
19 y ^ { 9 }
- 945 c ^ { - 6 } - 11.5 k = 43.6 w j ^ { 2 }
8 o a
5.69 l ^ { 40 } + 3.6 f ^ { - 48 } k ^ { - 2 }
- 62.71 k ^ { - 1 } - 41 e + 7483 x z ^ { 6 }
37.64 s u ^ { 6 } a ^ { 4 } = 2.7 y ^ { 6 } - 997 z o
- 630 h ^ { 4 } d ^ { 2 } + 1 p ^ { - 7 }
9 k ^ { 2 } + 90.5 f = - 6.11 t ^ { 3 }
- 66.91 w = 5 y ^ { 3 } n ^ { 6 } + 6 d z
62.6 a ^ { 7 } + 30.14 f
- 5 v ^ { 10 } + 96 b ^ { 9 } = x ^ { 9 } + 4
- 59 - 43 k ^ { 3 }
9
65.0 h ^ { 4 } b ^ { 3 } + 5
o = - 62 s ^ { - 6 } z - 9 h ^ { 6 }
30.66 x ^ { 2 }
- 944 w p ^ { 11 } = 76 p ^ { - 7 }
- 129 r ^ { - 4 } + 94 b + 537 x ^ { 5 } = 75
9 n ^ { 9 }
s ^ { 7 } - 9889 a ^ { 2 } d + 85 g w
- 123 e ^ { - 6 } s ^ { 6 } + u z = - 0.76 q ^ { - 1 } - 1 a
- 26 e ^ { - 5 } d ^ { 5 }
- 43.5 k ^ { 2 } q ^ { - 8 } - 665 a j ^ { 7 } - 66 u ^ { 87 }
- 83 l ^ { 7 } c ^ { - 1 } + 63.32 c ^ { 4 } - 0.6 s ^ { - 6 } k
1.34 z k
1.38 k t - 74 p ^ { 7 } + 32 b ^ { 7 } e ^ { - 3 }
6 d ^ { - 1 } t ^ { 7 } + 60 l = r + r - 44 o k
97 n b ^ { 9 } + 557 d ^ { 8 } t ^ { - 2 } p
- 92.55 i b ^ { - 2 } o ^ { - 5 } + h r ^ { 3 }
- 5.25 v ^ { - 79 } o ^ { 2 } + 6 m k ^ { - 7 }
90 n ^ { - 2 } i ^ { 8 } - 53.14 c ^ { 72 } o ^ { - 47 }
- 20.0 o m
2 a - 36 s m - 98 l ^ { 58 } z ^ { 2 } s ^ { - 22 }
- 49 g ^ { - 8 } s ^ { - 7 } + 7 m ^ { 3 } s ^ { 3 }
30 x ^ { 5 } k ^ { - 4 } - 42 y ^ { - 8 }
427 y ^ { 9 } s ^ { 4 } - 6 a ^ { 89 } - 97.90 b d ^ { 9 }
5 i ^ { 86 } + 6 h
- 536 s ^ { 5 } y ^ { 56 }
34.7 m ^ { 53 } + 6.56 w f + 61 i ^ { - 2 } t ^ { 8 }
- 408 v ^ { - 6 } w ^ { - 2 }
882 w ^ { - 4 } + 33 j - 5.8 q ^ { - 8 } f ^ { 19 } t
1 i t ^ { - 5 } j ^ { 51 } + 3 l
96.37 n f ^ { - 7 } k ^ { 9 } - 74
- 9 s v = 7.16 m ^ { - 3 }
26 g l s + 4.5
- 7.81 e ^ { - 8 } = - 27 u n - 26.9 z ^ { 1 }
49.9 v ^ { - 77 } + 59.06 - 97.6 z v ^ { 3 } - 1926 n t ^ { 4 }
- 56 m ^ { 5 }
58 a v f
- s - 24.9 w x ^ { 8 } y ^ { 4 } = - 61 u ^ { 1 } h ^ { - 6 }
- 4196 g ^ { - 6 } = 6.43 b ^ { 7 } + 72.55 y ^ { 9 } f
42.4 r ^ { - 3 } w x ^ { 4 } + 3 f ^ { 9 } a u ^ { 27 } + 72.6
- 2 s ^ { 2 } l ^ { - 4 }
a
59 a ^ { - 5 } m t - 9.54 k ^ { 7 }
- 463 o - 917 c r ^ { 4 } + 6 u m ^ { - 6 }
85.30 e ^ { 5 } + 4 l ^ { 6 } v ^ { 6 } = 57
28 t ^ { 9 } = 1.07 - 8 b ^ { - 4 } + 48.72
20 u n ^ { 2 }
- 0.40 i ^ { 5 } v - 944 k ^ { - 8 }
s ^ { 7 } + 369 v + 12 k z
- 72.2 m ^ { - 6 } g u ^ { 4 } + 8 m ^ { 6 } + 4.91 d l ^ { 6 }
4.8 h ^ { - 18 } + 6 s ^ { - 8 } d ^ { 5 } + 4.2 h ^ { 2 }
- 5 f - w ^ { - 8 } + 96.81 u ^ { 2 } h ^ { 8 } a
- 65.9 - 14.1 g ^ { - 1 }
- 98 z ^ { 9 } v
- 11 g ^ { 6 } y + 17 + 9.18 a ^ { 7 } y s = - 9 b v ^ { - 4 }
98 + 2.57 w ^ { 8 } + 3 z ^ { - 6 } e ^ { 9 } b ^ { - 5 } = z
q ^ { - 18 } s + 6 l ^ { - 1 }
- 78 r ^ { 3 } t - 8 o ^ { 3 }
693 - 223 j ^ { - 8 } + 42 k ^ { - 9 } i ^ { 2 } h = 3
5.42 u ^ { 4 } b ^ { 2 } c ^ { 4 } = 9.13 i ^ { 4 }
- 3 b ^ { 7 } s ^ { 3 } = - r ^ { 5 } - k ^ { 5 }
- 2.3 x ^ { - 4 } t = 0.9 a ^ { 9 } m ^ { 1 }
- 45.2 g n r - 7243 p ^ { 9 } b ^ { 9 } + 0.74 e ^ { 4 } r
5 s ^ { - 1 } b ^ { 2 }
- 2 o ^ { - 9 } u ^ { - 6 } + 17.87 k ^ { 6 }
- 2.16 b ^ { 88 } g ^ { 73 }
- 1.7 g + 7 y ^ { 3 } z ^ { - 5 } = 0.46 w ^ { 4 } a
6062 i ^ { 8 } - 0.82 a ^ { 9 } n ^ { - 85 } + 91.3 v
- 2 a
- 3.66 o + 96.06 b d f ^ { 2 } - 52.86 t - 51 s ^ { 5 } j
- 2.86 r ^ { - 1 } = - 50.4 t ^ { 1 }
h ^ { 7 } + 2.6 e ^ { 9 } = - 6.93 - 7 z b ^ { 4 }
48 b ^ { 16 } w d + 3 k ^ { 30 } e ^ { - 2 } + 22.8 k
- 340 j ^ { 7 } + n = - 46 s ^ { 6 } h ^ { 7 } + 392
584 a ^ { - 7 } e ^ { 8 }
- 13.0 c ^ { 57 } y
9.0 a ^ { - 4 } = 35.04 d ^ { 9 } o ^ { 1 } + 95.8 z ^ { - 2 } + 780
- 696 p d ^ { 2 } x ^ { - 1 }
5 f ^ { 89 } + 64 o ^ { - 9 } q - 39 k ^ { 93 }
13 r ^ { - 8 } u - 93.2 b ^ { 9 } + 19 = - 80 t ^ { - 9 } + 97 b
90 i u ^ { - 2 } = 6.5 n ^ { - 7 } h ^ { 2 }
6.3 v + 5 c ^ { - 3 } f ^ { 9 }
- 84 f ^ { 5 } h w ^ { 9 } v = 91 x ^ { 7 }
67.71
4 w ^ { 8 } - 64.02 w ^ { 2 } f ^ { 5 } i + 64.2 k ^ { 72 }
1.55 x o ^ { - 3 }
- 5.9 r ^ { - 7 }
2 x ^ { - 2 } i ^ { 9 }
66.40 v q + 85 z ^ { 3 } n ^ { 3 }
1 v ^ { 3 } a ^ { 32 } x = - 9.77 g ^ { 2 }
47 b ^ { 5 } + 293 + 800 i ^ { 3 } v ^ { 9 } m ^ { 8 } = 410 i
75 y ^ { 88 } p + 4 x ^ { 1 }
99 x = - 795 r
1 h ^ { 8 } = 7
- 50 f + 3 r ^ { 4 } h ^ { 6 } f ^ { - 59 } d = 84.43 c ^ { 6 }
71.79 g ^ { 6 } n + 98 n ^ { 9 }
1.4 = 8
96.88 m - 80 s ^ { 4 } - 37 w ^ { - 7 } = - 96 l ^ { 1 } x
3 n ^ { 9 }
- 2097 x ^ { - 7 } - 3 r u ^ { - 2 } + 5 d n = 41.69
- 569 d ^ { 54 }
- 8 t ^ { 6 }
4722 g ^ { 43 } s ^ { 2 } w ^ { 4 } + 2811 b ^ { 7 }
66 i ^ { 1 } u ^ { 14 } h
2.8 l + 668 z ^ { - 6 } + 46 t j ^ { 1 } y z ^ { - 68 }
z b ^ { 6 } - 54 r
3 s ^ { 1 } z ^ { 6 } - z ^ { - 8 }
6 q ^ { 8 } + 59.91 s ^ { - 80 } j t - 1.01 d c
- 4 - 23.59 a + 6.14 y ^ { - 5 }
98.89 c ^ { - 3 } - 4 h ^ { 5 } i ^ { 8 } + 74 l
- 58 y ^ { 6 } u + 43 v x ^ { 3 } - 776 x ^ { 9 }
- 639 a - 78 z c ^ { - 5 } b
- 82.8 r ^ { - 7 } s
34 w ^ { - 1 } = - q ^ { - 7 } x + 74.5
4649 + 92 o ^ { - 6 } m + 5775 c ^ { 3 }
116 v ^ { 5 } t ^ { - 7 } c ^ { - 8 }
x ^ { 2 } r = 84.9 l n ^ { 1 } - 26.99 + v ^ { 2 } p ^ { 7 }
3.40 t ^ { 3 } l o ^ { 67 } a = 7 g ^ { 2 }
5.9 u ^ { 3 } - 443 h a ^ { 2 } + 14 l e ^ { - 16 } c h
5.9 v ^ { 57 } s ^ { 7 } f - 8 i ^ { - 4 }
- 0.9 w ^ { 6 } + 28 b p ^ { - 1 } + 8.68 b s z ^ { 3 }
- 57 - 96.6 n x w ^ { - 8 } = d ^ { - 1 } n + 3 l ^ { 8 }
38 j l ^ { 1 } - 72.31 = 5.7 + 2 p ^ { - 7 }
- 4 t ^ { 1 } k ^ { 4 } - 3
- 7 o ^ { 9 } z ^ { - 4 } = - 0.2 w ^ { 4 }
- 3.64 v ^ { 9 } = - e
- 64 l f ^ { 85 } h ^ { - 4 } v ^ { 5 } + 9.70 z ^ { 4 } c
- 4.59 l ^ { 3 } c ^ { - 5 } d ^ { 7 }
2.3 g ^ { 5 } z
8 f w
- 523 b = a
- 6.2 w ^ { 9 } x + 890 b ^ { 8 } + 867 q g ^ { 2 }
- 325 d
44.54 - 93.45 q l ^ { 2 } r ^ { 3 }
- 75 t ^ { 9 }
3678 + 8.5 m ^ { 9 }
7 m
t ^ { 4 } - 94.1 z ^ { 18 } y - 8 j m ^ { 82 } w ^ { 9 }
7 u ^ { - 49 } l ^ { 80 } r ^ { 1 } - 95.30 h ^ { 82 } v ^ { 2 }
- 18.83 h ^ { 6 } p w ^ { - 4 } + 1.8 z ^ { 8 } j ^ { 63 }
- 28 d ^ { - 8 } h - 9.73 d ^ { - 17 } g - 1 n ^ { 32 }
71.41 k ^ { 4 } p ^ { 9 } = 40 v ^ { 2 } - 18 k ^ { 2 }
3 p ^ { - 3 } v m ^ { - 8 } - z e ^ { 2 }
0.8 k ^ { 6 } d ^ { 1 } o ^ { 4 } + s
- y ^ { 4 } e ^ { 88 } = - 8 + 92 a ^ { 5 } x ^ { 2 }
6
- 66 e ^ { - 6 } d ^ { 5 } = 62 n - 68.19 u ^ { 6 }
53.04 m ^ { 4 } f + 3 s h ^ { 9 }
7.2 g ^ { 2 } b y ^ { 8 } h ^ { - 7 }
8 e ^ { 5 } j - 5.27 v ^ { - 2 } + 12 c t ^ { 9 }
7 m j ^ { 9 } r ^ { 1 }
46 q ^ { 7 } v ^ { 2 }
- 35.85 u - 44 v ^ { 63 } i ^ { 1 }
- 8.7 i ^ { - 8 } + 37.4 e ^ { 14 }
6 x w ^ { 3 } + 44 p z ^ { 20 } l
996 n ^ { - 11 } e h ^ { 3 } m - 84 i ^ { - 5 } g
8.21 g ^ { 2 } l ^ { 6 } + 25.5 s ^ { 4 } v j
0.49 p ^ { 3 } x ^ { 8 }
- 7772 a ^ { - 8 } = - 42 j e + 1.4 h
95.27 x ^ { - 1 } m ^ { 1 } j ^ { 1 } + 7 d = - 5 k
2 + 2.89 n + 2 c ^ { 7 } o ^ { - 4 }
- 8962 t
- 9 u ^ { 64 } + 81 i ^ { 9 } d ^ { 6 } - 24 x ^ { 2 }
21.82 d ^ { 9 } b ^ { - 70 } = 51.54 w ^ { 3 } d ^ { 5 } + 73 w g
3.4 f ^ { - 9 } = - 43 h s ^ { 2 }
d ^ { 1 } + 71.42 b = 19.0 d
216 c s ^ { - 3 } + 51.3 v = 77 w x
- 58 v ^ { 52 } - 794 v ^ { 5 } h ^ { 79 } d ^ { 4 }
388 b ^ { 60 } + c ^ { 3 } u o ^ { - 2 } r ^ { 5 }
- 11 w ^ { 85 } - a c ^ { 2 } - 7.7 x ^ { 1 }
- 88 q ^ { 95 } v p ^ { - 6 } = - p ^ { 8 } - 5 + 81 g l
- 549 m ^ { 3 }
- 37
- 7 b v ^ { 2 } + 387 v
1.68 t ^ { 5 } r ^ { 6 } h ^ { - 3 }
40 e ^ { 1 } x ^ { 6 } b ^ { 16 }
- 6 a i ^ { 4 } = 4.6 i ^ { - 7 } + 37.15
0.0 c ^ { 1 } b ^ { 2 } = - 6 u ^ { 9 }
33.4 s ^ { - 8 } + 0.62 b s ^ { - 2 } - 668 q
9 c - 7.90 t ^ { 7 } a - 8.5 u r
- 9.0 v h = 7 + 392 z r ^ { 2 }
2.2 f - 27.51 a b ^ { 6 } = - 47.9 s ^ { - 7 } + 5
- 2.6 t v ^ { 8 } + 8 k ^ { 7 } t ^ { 6 } = - 7.51
9 k y ^ { - 8 } p ^ { 8 } - 3 q ^ { 4 } + 61.7 t ^ { 6 } y
26 h ^ { - 5 } j
- 33 k h + 7 z = 7
- 4516 l ^ { - 4 } = 73
- 29.75 r = 68 f ^ { 4 } + 1 j ^ { - 9 }
169 t
i b y ^ { 3 } + 71.59 m ^ { 9 }
9 l ^ { - 6 } - 730 y ^ { - 2 } e + 93 t f ^ { - 2 }
6 v ^ { 32 } c o ^ { 2 }
- 95.55 x ^ { 9 } a ^ { - 59 } = - 7 t h ^ { - 3 }
17 r ^ { 5 }
42.1 u ^ { 9 } + 92.65 d ^ { 6 } v ^ { 53 }
757 h w + 48.70 o - 68.2 v ^ { 6 } u ^ { - 8 } = 1.12 j ^ { - 3 }
- 1.71 d ^ { 9 } q ^ { 34 } + 9
5 w
7 s ^ { 9 } u q ^ { - 7 } + 8.4 u ^ { 50 }
- 19 i x ^ { 4 }
- i ^ { 8 } = - 304 e ^ { 6 } a + 2 h ^ { 4 } w
7 x
6.27 l ^ { 6 }
- 3.1 x ^ { - 6 } n ^ { 3 } + 78 x
93.10 m ^ { 7 }
4 - 6754 - 6.88 a q = 98
42.1 + f ^ { 6 }
- 36 - w ^ { 6 } + 5647 s ^ { 6 } f = 40 w + p ^ { 6 }
6.0 i + 37 h ^ { 5 } l + 954 r ^ { 5 }
4 u ^ { - 3 } + 96 p ^ { 9 } = 52
5 y - 10.63 l ^ { - 2 } - 90.05 m ^ { 89 }
9 r + 25 e ^ { - 2 } g - 25 t ^ { - 1 }
815 a ^ { - 1 } + 39 s = - 9.6 p a + 8 x ^ { 8 } l ^ { 5 }
43 t g ^ { 2 } z e ^ { - 6 } + 71.05 = 84.6 j e ^ { 7 }
- 8.24 h ^ { 8 } u - 7.2 l i - 68
- 9142 v ^ { 2 } + 401 r ^ { - 5 }
- 15 a
- 442 d + 8 + 460 j e ^ { - 9 } b ^ { - 3 }
- 168 q = 93 n g ^ { 8 } - 4 m ^ { - 4 } v + m
19.95 g ^ { 4 } + 7 o ^ { - 4 } = z e ^ { 7 }
84 h r ^ { 30 } e + 11.42 q ^ { 3 } p + 85 z ^ { 2 }
353 h - 62.5 v q ^ { 29 } t ^ { - 5 } = 6.46 r ^ { 2 }
- f + 46 g ^ { 5 } - 81.5 x ^ { 1 } f
o i ^ { - 5 } + 49 - 847 l n = - e ^ { 6 } x
- 38.5 a l ^ { 8 } + 8.2 - 9 j ^ { 4 } w ^ { 48 } v ^ { - 9 }
42 w ^ { - 2 } y m ^ { 8 } - 7.14 i ^ { 28 }
- 0.18 n = - 1 o ^ { 4 } t ^ { 8 } + 73 j ^ { 4 } y
12 + 39 k x + 0.3 b l ^ { 3 } = 4 b ^ { 6 }
7.4 w ^ { 5 } l c ^ { 8 }
84 c = 0.1 f q ^ { - 4 } - 61.51 u ^ { 6 } b ^ { 2 }
99.8 g ^ { 7 } i - 886
49 z f ^ { 45 } s ^ { 4 } + 5.6 = 1 t ^ { - 8 }
11
- 951 + 3953 a ^ { 47 } q + 1 m c ^ { 5 }
- c ^ { - 5 } + 5.14 z ^ { 3 } j ^ { 9 }
3.13
- 95 + 7 g ^ { - 8 } k ^ { 4 } = - 1 k o ^ { 2 }
492 m ^ { 87 } - 5 q ^ { 8 } n ^ { 9 }
78 o ^ { 7 } + 3 u ^ { 5 }
- 80 o ^ { 16 } + 7.72 j ^ { - 4 }
1.5 j ^ { - 3 } q = - 34 f ^ { 2 } + 667 m ^ { - 9 } n ^ { 5 }
- 9.59 f ^ { - 1 } g - 75 p ^ { 4 } s ^ { - 8 } b ^ { 33 }
r ^ { 7 } - 5 i y ^ { 3 }
4.0 w - 2003 z ^ { 5 }
- 284 x ^ { - 5 } = 63.55 i o + 7 i ^ { - 8 } k ^ { 5 }
38.5 f ^ { 8 } c ^ { 7 } = - 0.3 i ^ { - 8 } + w ^ { - 7 }
- 429 w ^ { 6 } q + 4
5 z d
57 y ^ { 5 } f ^ { 3 } + 33 t ^ { 5 } f ^ { 7 }
62.67 y = 2 p ^ { 6 } u
16.99 k ^ { 72 } = - 5.76 c ^ { 1 } v ^ { - 3 }
120 y ^ { - 3 } - 38 y ^ { 9 } = a ^ { 7 } c ^ { 1 }
- 410 j ^ { - 9 } n ^ { 6 }
- 59.7 f = - 45.2 e ^ { 7 } j ^ { 1 } + 95.4
- 4.6 r n ^ { 3 } c ^ { 4 } + 2.27 a ^ { 3 } + 4 s = - 9.32
29.8 t ^ { 9 } + b ^ { 5 }
1.7 d + 1 x ^ { - 9 } p ^ { 3 } + 37 y ^ { 7 } o ^ { - 9 } g
4 f ^ { 1 } i - t ^ { 7 }
- 9 i ^ { 4 } = 3 a ^ { 1 } v ^ { 2 } + 69.1 + 46 y ^ { 1 }
- 0.03 u ^ { 8 } d + 77 a ^ { 7 } i + l = 76 v e ^ { - 4 }
- 5 q ^ { 6 } s + 98.6 w ^ { 3 } k ^ { - 7 } e - f ^ { 5 }
- 1.59 m - 58.49 x = - 32
30 p ^ { 5 } o n ^ { - 6 } - 8 x a ^ { - 1 }
5 h ^ { 3 }
q r - 3 i ^ { 6 } z ^ { - 5 } + 835
4.83 h ^ { 6 } x ^ { 92 } + m ^ { 10 } q ^ { 7 }
25 s ^ { 1 } y ^ { 7 }
7 q ^ { 8 } b k ^ { 1 } - 72.3 y ^ { 17 }
7.6 z ^ { 9 } - 8.47 k ^ { 9 } u ^ { 40 }
17 s ^ { 7 }
- 64.86 u ^ { 7 } + 5 b = 83.84 + u ^ { - 4 }
79 y ^ { - 8 } k + 44 f ^ { 5 } = 8 i ^ { 2 } u ^ { 6 }
- 8 g ^ { - 9 } v + k l ^ { 2 } + 364 d x ^ { 6 } i ^ { 3 }
- 817 i d + 5.08 u
3.7 x ^ { - 5 } k
43 a n ^ { 7 }
10.71 o ^ { - 6 } x ^ { - 9 } i ^ { - 7 } + 65.1 r ^ { 6 } q + 366
84.6 y o ^ { 6 } l ^ { 8 } b ^ { 70 } = 7 + u ^ { - 1 } d
- 4 x - 14.3 g = 63 - n z
- 4.3 i - 7 + v ^ { 7 }
4 m ^ { - 7 } f ^ { 7 }
- 20.65 t = 3 u t ^ { 1 }
- 9.75 n ^ { - 7 } x ^ { - 9 } f ^ { - 5 } + 1
- d ^ { 58 }
- 25.98 n ^ { - 2 } o ^ { 2 } = - 75 o ^ { 7 }
- 7 l ^ { 3 } m ^ { 2 }
- 3 x ^ { - 17 }
- 62.28 j ^ { 2 } c ^ { 5 } - 5 a ^ { - 1 } + 2 y
- 3 l ^ { 5 } g - 42.0 u = b ^ { 8 }
99 f l ^ { 57 }
- 22.15 l ^ { 4 } + 4617 - 6855 k t ^ { 3 } f ^ { 9 }
99.66 l ^ { - 4 } i ^ { 9 }
y ^ { - 3 } q - 8707 x ^ { 13 } r ^ { 86 }
44 l ^ { 1 } e r ^ { 1 } - 77 w = - 90 + 61.74 f ^ { 7 }
293 o ^ { - 5 } + a = 25.01 c ^ { - 5 } + 48 f ^ { 9 } y ^ { 8 }
73 z ^ { - 2 } + j h = - 165 - b ^ { - 7 } q
48 i ^ { - 8 } g w z ^ { 2 }
- 41 u ^ { 52 } = 9.03 g ^ { - 9 } v ^ { 9 } - k ^ { - 9 }
5976 y ^ { 2 } b ^ { 56 } - 1 j + h = 71 z + m ^ { 6 } c
- v ^ { 7 } + 593 d ^ { - 85 } - 9.52 v
- 3 s ^ { - 4 } n ^ { - 6 } - 0.3 r o ^ { 2 } h ^ { - 7 }
- 8 e = - 42 + 0.5 a ^ { 1 }
- 90 f g u ^ { 4 } + d = 56 f ^ { 2 }
- 6.8 h ^ { 5 }
86 i ^ { - 4 } a
2 k ^ { 9 } g ^ { 63 } - y m ^ { - 7 } g ^ { 5 } i
53.5 c ^ { - 7 } b ^ { 7 } + 16 p l ^ { 3 } = - 0.6 + 26.80
- 48 e ^ { 7 } + 17 x
- 515 j ^ { - 73 } l ^ { - 1 } h ^ { 4 }
8.5 u ^ { 9 } z ^ { 4 } - 1.25 r ^ { 1 } x ^ { 2 }
5481 o ^ { 6 } d = - 5 m q ^ { - 1 } + 268 f a ^ { 6 }
- 7 o ^ { 8 } - a ^ { - 96 }
18.9 v + 1 g i - 51
- 7 c ^ { 7 } h + 9 f ^ { 8 } y ^ { 2 } - h ^ { - 9 }
7.5 e ^ { 3 } r - 7834 k ^ { 6 }
- o c + 4.34 h ^ { - 3 } j c
519 a ^ { - 86 } g ^ { 2 } c = - 0.42 t ^ { - 5 } - 2
9.6 z ^ { 2 } - 4 w - 3.4 b u ^ { 9 }
6 u ^ { 9 } k ^ { 2 } + 251 n ^ { 9 } = 81 h ^ { 1 }
- 4 - 51 u d ^ { 2 } b ^ { 2 }
8 f ^ { - 7 } + 8
9 v ^ { 8 } + 8 j ^ { 79 } a f ^ { 8 }
- 80 n ^ { 32 } f ^ { 1 } g
6.42 b ^ { 6 } = - 79 l + 0.58 o
- 20.1 a + 303 t x ^ { - 8 } e = - 835
97.5 b ^ { 4 } l ^ { 83 } s ^ { - 9 } c ^ { 19 }
- 2 s o ^ { 4 } + b ^ { - 2 } + 8.31
72 r + 8 x ^ { 5 } = 58.7 p
- m ^ { 1 } o ^ { 5 } + p ^ { 9 } z ^ { 7 }
- h j
822 c = 99.86 a l - 41 t
- o = 77.07 m ^ { - 6 } + 173 c ^ { 3 } m ^ { - 8 }
4 u ^ { - 2 } + m ^ { 9 }
47 q h ^ { 3 } - 6 p ^ { 7 } a ^ { 3 } - 98 d z v ^ { - 93 }
- 99.62 - 6989 h ^ { - 8 } + 94.23 t
28.68 i ^ { - 7 } k
64 c ^ { 2 } a ^ { 2 }
- d j ^ { 9 } x t ^ { 3 } + 7 d ^ { - 1 } f ^ { - 9 }
7 v ^ { 3 }
3 j ^ { - 8 } = - y ^ { - 4 } - 64.1 g ^ { 4 } u ^ { 2 }
6 u - 516 r ^ { 88 } c + 7 b w ^ { 1 }
5.8 o ^ { 9 } j ^ { 2 } = - 98 j
4 s i u ^ { - 8 } + 2.70 g ^ { - 5 } + 346 e r ^ { 1 } = 8 v
- 75.8 g ^ { 8 } r p ^ { 9 } w ^ { 2 }
- 7 f ^ { - 83 } v ^ { 8 } e ^ { 5 } = 25.8 + 4 m ^ { 9 }
18 e ^ { 2 } m = 4 q ^ { 2 } + 3.3 r
- 16.62 f t + 57.03 u ^ { 3 } + 74.64 a ^ { - 6 }
- 2.3 j ^ { 4 } i ^ { 1 } - 708 r ^ { - 2 } + 41 p ^ { 4 }
- 6 v f t ^ { 9 }
- 0.32 f ^ { - 24 } p v ^ { - 2 } + 4.3 v
28.0 z ^ { - 2 } = 13.28 r ^ { 5 } + s ^ { 6 }
q + 27.39 i d ^ { 6 } = 77.7
- 55.12 z ^ { 9 } o - 2675 t ^ { 6 } + f ^ { 4 } r ^ { 1 }
- 9.93 n v ^ { 1 } s + 3882 y ^ { 5 } - 576 n ^ { 6 }
- 2 l o + 1474 v ^ { - 98 }
- 879 f x ^ { 2 } u ^ { 7 } = - r ^ { - 5 }
975 b ^ { 31 } k ^ { 6 } g ^ { 9 } + 79.8 p i ^ { 60 }
545 e = - 7 o ^ { 1 } q + t ^ { 1 } p ^ { 1 }
51 r ^ { 6 } - 4 u c g ^ { 7 } = - p ^ { 3 }
- 69 y ^ { - 7 } c ^ { 86 } q - 37.7 z
l ^ { 44 } - 6 - 0.2
n ^ { - 34 } v ^ { - 3 } - 0.19 e ^ { - 6 } + 1.9 m ^ { 2 } = 459
- 316 d ^ { 7 }
- 87 e ^ { 5 } - 5 p g ^ { - 8 } + 1053 a ^ { 8 }
- 1.6 i d ^ { 7 } r - 34 p ^ { 2 } k ^ { 9 }
- 7 e p ^ { 9 } - 2.30 p ^ { - 3 } t ^ { - 6 } v + 736 f
- 817 b i ^ { 1 } c ^ { 2 } + 86.39 u ^ { - 7 } g ^ { - 6 } + 5
93 t ^ { 5 } n ^ { - 2 } a ^ { 7 }
p ^ { 5 } + 202 w ^ { 1 } - 8 m y = 85
92.3 o ^ { 9 } m ^ { 20 }
2 b o ^ { - 6 } - 2.29 r d ^ { 4 } + 3 k ^ { - 6 } i
- 3 s = - 30 r ^ { 5 } a + 3.06 n ^ { 1 } f ^ { - 1 }
- 8.88 k ^ { 8 } + 6.2 i ^ { 5 } t ^ { 9 } p ^ { 7 }
3 e ^ { 7 } + 75 h i ^ { 44 } = - 831 q ^ { 8 }
48.05 v ^ { - 6 }
47.35 + k + 93 k ^ { - 7 }
- 20.7 w ^ { 7 } z ^ { 7 }
35.21 g + 3.60 t ^ { 50 } u ^ { 5 }
6 t ^ { 7 } - 3 z ^ { - 98 } + 273 a = - 2 - 348
- 398 y ^ { 9 } h ^ { - 4 }
335 - f v ^ { - 3 } + 56.57 p ^ { 65 } i ^ { - 9 }
- 7051 j ^ { 3 } r ^ { 8 } - 3195 d ^ { 1 } g ^ { 58 }
- 9.0 z ^ { 4 }
- 44.4 o p ^ { - 6 } + 6.84 c ^ { 9 } - 909 h ^ { - 6 }
33.34 c ^ { - 5 } g + 756 c ^ { 5 } v ^ { 9 }
7 a ^ { 19 } n ^ { 3 } - 56.3 m
x ^ { - 7 } - 333 f ^ { 1 }
1.8 p ^ { 6 } e ^ { 44 }
- 8.6 l ^ { 8 } o ^ { - 7 } w ^ { 5 } = 9.92 n ^ { 2 } + 43.5
139 e ^ { 7 } + d ^ { 58 } v - 85.29 n ^ { 6 } + 12.8 u ^ { 2 }
86.2 c ^ { - 8 } = - 1 u t + 77 u ^ { 6 }
h ^ { 7 } + 89.3 z = 62 y ^ { 4 } o ^ { 1 }
39.08 y + 1 k ^ { 4 } f ^ { 8 } + 9 h i ^ { 4 } u
9 u ^ { - 47 } + 6.2 l
14 j ^ { 1 } f - 40 e - 108 e ^ { - 33 } + 230 t ^ { - 9 }
230 o ^ { 9 } - 126 g ^ { - 3 } o ^ { 1 } d ^ { 60 } + n i
0.9 + 67.32 v u ^ { 4 } + 26.8
4.56 q ^ { - 77 } + 81 d
i ^ { - 2 } m ^ { - 3 } l ^ { 8 }
5 q ^ { 7 } m + 57 n ^ { - 8 } f ^ { - 8 } y ^ { 3 }
1 u h ^ { 2 } + 933 f = 70 o ^ { 3 }
6.01 a f ^ { - 86 }
v ^ { 8 }
425 f b ^ { 9 } = - 0.0 k ^ { 6 } c
33 n ^ { 8 }
93.19 m ^ { 7 } d ^ { - 6 } - 2.2 d x ^ { 4 } = 42 o d ^ { 3 }
89 u ^ { - 5 } - h r ^ { 9 } - 34 l
- 4.81 d m o ^ { 4 } + 21 r ^ { - 85 } b
- 69 m + j ^ { 1 } k ^ { 4 } + 3.2 v ^ { 9 } s j ^ { 7 }
2 + 44.8 g ^ { - 5 } p - 74.56 h a ^ { - 8 }
- 19.0 k ^ { 6 } = - 4.29 + 79 o ^ { 4 } q
39 p + z ^ { 73 } r + 9181 h e ^ { 4 } m ^ { 85 }
22.61 n ^ { 2 } x ^ { 4 } - 5 e ^ { 79 }
- 1 k ^ { 59 } - 5.78 x + 26.8 s ^ { 3 } = 62
209 r ^ { 80 } = - 6 q ^ { 6 } - 7
- d ^ { 1 } + 436 e z ^ { 8 } j
- 907 + 91.6 y ^ { 6 } h ^ { - 6 }
8.28 r ^ { 5 } w - 3 t v ^ { 5 } = - 9.29
7 g ^ { 2 } i
- w ^ { 89 } = 726 x + 12.2
z a + 3.70 w x ^ { - 6 } = - v ^ { 8 } w
65.0 v ^ { - 3 } + 87.9 s ^ { - 5 }
452 e ^ { 3 } o
- 24 p ^ { - 58 } x ^ { 4 } + 9.17 q ^ { 3 } s
594 u q ^ { 41 } = - r ^ { 1 } j ^ { - 3 } - 41 i ^ { - 2 } s
- 37 y - 61 t ^ { 5 } v ^ { 2 } b ^ { 76 } = 365
- 72 r ^ { 7 }
19 c ^ { 9 } + 6046 v ^ { - 8 } + 161 c m - 80 j ^ { - 5 }
8 o ^ { 9 } e ^ { 2 } v i + 3 q ^ { 4 } = - 54.9 w ^ { 6 } v
4.94 s w ^ { - 9 } x ^ { 6 } p ^ { 7 }
46 m ^ { 3 } = 41.4 c ^ { 3 } + 914 k ^ { - 6 }
8 o ^ { 7 } q ^ { - 5 } - 9 i ^ { 8 } f = - 73
- 2.7 a ^ { - 9 }
4.92 r ^ { 4 } c ^ { 4 } t f ^ { 70 } + 9.1 b ^ { - 2 }
7.12 k
- 5.80 d ^ { 5 }
1 l o ^ { 8 } - 39.0 l ^ { - 7 }
15 t ^ { 8 } j ^ { 83 } w + 75 p ^ { 7 }
74 h ^ { 4 } l d ^ { 7 } - 169 m = - 6
82 j ^ { 6 } m ^ { 1 } + 3 - 638 j ^ { 80 } i ^ { 45 }
- 8 y q e ^ { 8 }
- 417 c ^ { - 4 } e ^ { 6 } + 1 o ^ { - 3 } + 8 y ^ { - 70 }
- k ^ { 7 } f ^ { 4 } = - 8 o n ^ { - 2 } + 86
- 5 c ^ { 9 } o
- 90 g ^ { 5 } f = 7 - 67 t n ^ { - 4 }
6043 z ^ { 8 }
74 z ^ { 3 } + 97.50 f ^ { 1 }
- 3.04 p ^ { 1 } r - 77.46 w ^ { - 1 } = 2 s k + 8 a t ^ { 9 }
9 z ^ { 2 } x p ^ { 6 } + 5 q k ^ { 9 } = 7.98 y ^ { 7 }
t + 1.40 a ^ { - 41 } b z ^ { - 9 }
75 d ^ { 47 } x ^ { 7 } + 86 v ^ { - 3 } x + 85 k ^ { 2 }
6 s - 72 k ^ { 3 } d ^ { 4 }
28 a ^ { - 4 } + 8 x ^ { 4 } e ^ { 5 } + 8
82 g ^ { 43 } - 6.0
39 - t ^ { 8 }
- 38 t ^ { 9 } k ^ { - 2 } = - 2 j ^ { 4 } + 6 f ^ { 7 }
- 7 u ^ { 6 } + 79 f c ^ { 8 } + 2.46
3.8 b ^ { 6 } u = 72 k ^ { - 4 } x ^ { - 6 }
- 50 + 1 = - 67 v ^ { 6 } i - b ^ { 6 } c ^ { 9 }
5.4 w ^ { 90 }
35 u ^ { 6 } = - 82 j ^ { 8 }
- 2 v ^ { 22 } z - 8.43 o
5 + 7.7 k ^ { - 7 }
- r ^ { 5 } d v ^ { - 8 }
- 3 l h ^ { 5 } + 79.6 z ^ { 9 } v ^ { 4 } + 4.36
- 85 m ^ { - 3 }
806 r ^ { 1 } + 8 b ^ { 9 } + 2.0 u ^ { 67 }
- 7 l ^ { 46 } c - l = 502 d ^ { 2 } h
- 33 k ^ { 3 } + 0.0 z ^ { 52 } t ^ { - 2 } - 997 v
- 617 p ^ { 2 } c = - 48
796 h ^ { - 5 } p ^ { - 2 } w + 3 + 3
i e ^ { 5 } + 50 j + 8.3 b ^ { 2 } + 42 r ^ { 5 } y ^ { - 8 }
- 47.42 q ^ { 3 } p ^ { 4 } e + 6.9 r ^ { - 9 }
2.43 z l ^ { 6 } w
37 q ^ { 2 } x d o ^ { 6 } + 16 d i ^ { 4 } = z ^ { - 2 }
18 - 55 d ^ { 5 } x ^ { 8 }
4.35 j ^ { 28 } + 6.57 z s ^ { 7 } w
783 l ^ { 1 } + 28.13 i ^ { 20 } - k ^ { 3 } s j
9 o ^ { 9 } b = - 34.5 d ^ { 3 }
143 w g ^ { 9 } = 95 i - s ^ { - 3 }
- 992 r ^ { 4 } y ^ { 3 } j ^ { 7 } + 1 p
0.5 f ^ { 6 } x ^ { 3 } = - k ^ { 5 } + 245 y g ^ { 5 }
- 91 w ^ { 3 } u ^ { - 2 } + 7.6
7 m z ^ { 4 } - 76 l - 2 z ^ { - 1 } v ^ { 18 }
0.59 g ^ { - 1 } - 1 - 37 h ^ { 5 }
1.5 v c ^ { - 8 }
57.26 x - 6.48 m ^ { 3 } h + 7 g ^ { 7 }
31 t h ^ { 4 } + 3 u - c = 27.16 a ^ { 3 } + 60.5 h c ^ { - 3 }
7.0 h ^ { - 12 } s ^ { - 3 }
4.2 k ^ { - 65 } d = 7.7 v
- 725 l
d ^ { 7 } k ^ { 5 } j - 10.31 b ^ { 8 } + 22.8 e ^ { 68 } k = 737
2.13 v
- 51 i ^ { - 53 } c - 893 q ^ { 6 } n
72 j + 2 n ^ { 6 } + 4 q ^ { 1 } - 6 i r
5.81 m ^ { 5 } - k ^ { 9 } a ^ { 76 } + 80 v ^ { 8 } x
9 w - 21.30 h i ^ { - 68 } + 1.0 m ^ { - 2 }
26 q ^ { 7 } f ^ { 6 }
1030 f ^ { 5 } q + 9.9 e
1 k = 32.92 - 33.9 i l ^ { 1 } + 4 l ^ { 4 } a
- 8.5 r ^ { 8 } n + 7 y ^ { - 3 }
68 d y ^ { 5 } l + 2.0 r l - 5568 d ^ { 2 } o m ^ { 4 }
46.01 q ^ { 6 } + 481 y ^ { 7 } c ^ { 6 }
- 45.3 + 6 z - 261 m r ^ { 3 } + q k ^ { 2 } i ^ { 3 }
4.70 o g ^ { 4 } n ^ { 2 } = 70.55 c ^ { 6 }
66 o w ^ { 4 } q + 8 m
81.14 e t = 7 u ^ { 2 } v - 1 r ^ { 5 } v ^ { 1 }
62.3 j x ^ { - 3 }
3.50 v ^ { - 2 } = - 47.83 m ^ { 4 } b + 373 e b ^ { 2 }
- 0.24 + 877 k + h = 76.42
- 35 - 97 f + 4 c w v ^ { - 3 } - 9 m ^ { 20 }
5 r ^ { 2 } c ^ { - 5 } + 940 x y r ^ { 3 }
- 3 p + 51.0 z ^ { - 9 } k ^ { 9 }
197 s + 9 a ^ { - 6 } = - 5.85 s e ^ { - 8 }
- 2.14 z ^ { 2 } i + 43.57 k ^ { 2 } + 2.49 d ^ { - 4 }
- 69 c ^ { 2 } - 39.54 k ^ { 6 } d ^ { 9 }
- 1 u ^ { 1 }
196 b ^ { 1 }
- 6 a ^ { 3 }
56.2 n a ^ { 42 } o ^ { 4 } g ^ { 29 } + 3.57 = - 49 w d + 1 f
- u ^ { 13 }
988 d ^ { 74 } - 9 q ^ { 2 } a f s ^ { 3 }
4 m ^ { 9 } u
- 2 - 2041 u ^ { 7 } = 48 + 62.1 r ^ { 5 } k ^ { 7 }
- 21 z
14 p k ^ { - 5 } d + 2 r s ^ { 1 } j
4 q ^ { 5 } t - 9.0
876 h ^ { 9 } s ^ { - 70 } + 8 m ^ { 91 }
k ^ { 4 } - 5 m ^ { 7 } - 92.7 n ^ { 69 } - 7607
2.49 w ^ { 9 } h = 5.03 v ^ { - 2 } f
16
- 27.4 c ^ { 8 } - 6356 v ^ { 6 } j ^ { 3 } + 77.28 k j t
- 5.9 j w ^ { - 1 } + 65.68 a = 966 q
981 l ^ { - 5 } + 1202 i d ^ { 36 } g ^ { - 1 }
- 5 c ^ { 2 } + 2.40 x ^ { 9 }
- 4 d ^ { 9 } = 2.99 + b ^ { 2 } u ^ { - 3 }
60 j ^ { - 9 } q x + 1 e ^ { 2 } j ^ { 1 } u
67 y b - 222 - 6 i r j ^ { 1 }
28 t j ^ { - 2 } + 346 d b = 36
- 23 f ^ { 4 } + 0.39 w = i a + 6 a y ^ { 1 }
- 8 x ^ { 8 }
- 846 s q - 82 + 54.36 m ^ { 7 } v ^ { 7 } + 63.35 k ^ { - 8 }
- 50
54 g ^ { 20 } k - 2.55 v ^ { 24 } w ^ { 3 }
- 8 w ^ { - 8 }
904 t ^ { 3 } + 2430 l ^ { - 7 }
6 n ^ { - 96 } f ^ { 4 } = - k ^ { - 3 }
- 9 w b ^ { 53 } = - w ^ { - 7 }
79.9 t ^ { 74 } f ^ { 3 } + 4 v k ^ { 5 } + h z = 65.31 + 4.1
- a ^ { 7 } r ^ { 9 } w - 0.0 i l ^ { 2 }
1 i ^ { 4 } + 65.01 e q ^ { 9 } l ^ { 8 } = 17.31 u
- 70.2 m ^ { 3 } i ^ { 8 } w + 6.4 n j
7.70 e i
- m ^ { 73 } - 12 y e + 8.10 c ^ { - 3 } + 44.66 h
8 z ^ { 4 } a ^ { 12 } + 81
75 + 98 g ^ { 4 } + 4
39.78 p ^ { - 7 } y ^ { - 3 } + 3 y ^ { 7 }
- 6 c ^ { - 3 } - 8 h ^ { - 6 } f ^ { 2 } = 58.54 m
- 3 r ^ { 9 } z u ^ { 6 } + 2.4 v t ^ { 3 } + 8 z ^ { 98 }
- 37.2 p ^ { - 5 } + 8743 s ^ { 65 }
60.56 h ^ { 1 } + 7.6 v ^ { - 3 } - 70 a ^ { 8 } l ^ { - 5 }
2.0 m ^ { - 3 }
- v y ^ { 2 }
2.95 f ^ { 1 } + 209 f ^ { - 2 } c
82 u ^ { 2 } p ^ { - 2 } - 8.02 + 1 f
152 o ^ { 83 } h ^ { 58 } + 26 y = i ^ { 1 } t
- 77 z ^ { 6 } h ^ { 47 } - 5550 u j ^ { 3 } = 3.66
- 56.4 x ^ { 5 } u ^ { - 9 } w
9 w c + 9.10 r ^ { 7 } - 546 - 22 v u ^ { 3 } k
91 o d ^ { 16 }
380 h w - s ^ { - 5 } a
1 u b - 4.43 c ^ { 4 } + 8.3 k z ^ { - 8 }
- 32 t ^ { 6 } n ^ { 56 } = 28 h i ^ { 5 }
8 t ^ { - 1 } - 34.60 f ^ { 7 } + 8.01 c ^ { 78 } - 77 f ^ { 1 }
- 8 t ^ { 8 } v
2608 m + 7 u ^ { 9 } p = - 84 r s ^ { 9 }
72 x ^ { 1 } + 6 u i ^ { 4 } c
- 59.2 g ^ { 6 }
- 7 t ^ { 4 } q + 2941 u l ^ { 4 }
d ^ { 9 } - g b ^ { - 27 }
22 t ^ { - 11 } + t ^ { 7 } f g ^ { - 5 } + 5 a n ^ { 1 }
60 + 735
6.17 e g - 4 + 3 v ^ { 1 } u ^ { - 5 }
37 h d q ^ { 4 }
71 y - 2 u ^ { 7 } + 3 v ^ { 9 } s ^ { 9 }
- 3 x ^ { 7 }
- 2732 + 7 a + 11 o
168 i ^ { - 33 } p ^ { - 68 }
63 j ^ { 6 } + 4.7 n ^ { 89 } - 9.70 i ^ { - 2 } t ^ { - 5 }
- 466 f ^ { 1 } c + 4.99 b ^ { 5 } = - 7 u - 9 m
- 47.30 m ^ { 2 } - 7.01 b e ^ { - 2 } k ^ { 9 }
32.0 c y ^ { 8 } e r ^ { 9 } + 7.7 c ^ { - 9 } i
64.48 u
- 5 v n ^ { 1 } = 6.82 + 68.6
- 19.74 c ^ { 7 } o ^ { 3 } d ^ { 7 } = 99 b + 5 k v ^ { - 1 }
- 3 e
6
9 z
- 12 h ^ { 6 }
396 = 27 f ^ { 8 } + 16.27
81 r
66 m ^ { 5 } - 65 p d ^ { 8 }
- 11 d ^ { 9 } v i ^ { - 9 } - 5
- 90 n p k ^ { 1 } + 7.13 q ^ { - 9 } b ^ { - 68 }
- j ^ { 8 } d = - 2
- 48 + 413 y k ^ { 7 } c + 8 i d
- 14 r ^ { 8 } w ^ { 50 } + 2.09 v ^ { 41 } = - 1
6.4 y ^ { 4 } r ^ { 56 } - r ^ { - 8 } = 52.28 g n ^ { 6 }
554 j z ^ { - 1 } = f ^ { 9 }
s - 41.5 w z c ^ { 1 } = - 56 k ^ { 2 }
9 u - 2 n ^ { - 7 } k ^ { - 6 } - 9.7 i ^ { 3 }
7 s ^ { 1 } - 56.50 y ^ { 2 } = - 83 m ^ { 2 } g
- 19.5 x ^ { - 8 }
43.2 s ^ { - 5 } j ^ { 7 }
- 3.50 r ^ { 2 } - 13.19 n t ^ { - 48 } + 23.14 q f ^ { 9 } + 1210 d
- 75 n t ^ { - 9 } p ^ { 5 } - 57 x
70.8 v ^ { 5 } + 5 a s ^ { 5 }
- 79.41 x f ^ { 2 } p m = i ^ { 9 } g - b w ^ { 5 }
3 x ^ { - 4 } p = 80 l + n ^ { 6 }
f ^ { - 9 } e ^ { 20 }
1 o ^ { 4 } + 1 - 1615 w ^ { - 7 }
- 418 l k q ^ { - 5 }
9 j ^ { 4 } c w
7.6 g a + 5 p ^ { 4 } f - 14 j ^ { 5 } + 0.93 d t ^ { - 9 }
421 a = - 6.2 f ^ { 7 } i
- 7983 v ^ { 4 } + 82 p ^ { - 99 } - 7 p
- 203 h ^ { 6 } o ^ { - 8 } x - 3.2 l ^ { 8 } - 17 t ^ { 8 }
- 99 v y = 1.64
4 v ^ { 2 } + 3.7 e ^ { - 6 } n ^ { 6 } + 15 g
v y ^ { 2 } - 8.1 j ^ { 9 } l ^ { 2 }
8 z u ^ { 6 } w + 78 p ^ { 2 } y k = - 7.16 w - u ^ { 9 }
62 o + 215 + 7 k ^ { 4 } f ^ { 4 } y
35 f ^ { 5 } h - 5.46 b ^ { 1 } = 9.33 v
541 k ^ { 7 } o ^ { 11 } + 4.38 t ^ { 3 }
- b a + 9627 b ^ { 11 }
- 873 g ^ { 1 } v ^ { 90 } - 99.26 w ^ { 1 } y ^ { - 5 } - 90.14 c
9 z ^ { 6 } + 7.53 r j ^ { - 6 } - 7 f ^ { 40 } b
- 89.40 h ^ { - 7 } - 3.3 m ^ { - 4 } = 31.4 c - 37
- 5405 m ^ { 2 } - 21 a
48.69 f ^ { - 16 } - 8 n ^ { 5 } f ^ { - 7 }
52 v m ^ { - 7 }
2 h
9 q ^ { - 5 } i ^ { 52 } = 947 i
636 v ^ { 97 } j ^ { - 7 }
9 y ^ { 1 } n = - 4.8 m n
- 60.48 t ^ { - 2 } p ^ { 3 } g
- 3239 w u ^ { 3 } + 5.2 z
1.3 r ^ { 1 }
- 48 o ^ { 3 }
- 255 h ^ { - 59 } + 73 s ^ { 7 } e b - 361 b ^ { 4 } x
4815 s d = 82 x ^ { 8 } b + 23 r ^ { 6 }
3 h ^ { - 9 } g w ^ { 1 } - 71.95 g ^ { 13 } = 48 k ^ { - 3 }
0.08 c + 30 f ^ { 4 } s ^ { 1 } k + 4 c ^ { 6 } i ^ { 8 } o
20 - 15 t f ^ { 8 } + 1 r h ^ { - 3 } f
760 b ^ { - 3 } + 9.4 e ^ { - 7 }
1.1 m ^ { 3 } o ^ { 8 } c d ^ { - 9 }
21.54 t ^ { 9 } j ^ { 7 } - 6 g ^ { - 71 } + 1.4 i ^ { 7 }
- 4 a ^ { - 62 } t ^ { 3 } - 4 p k ^ { 6 } + 5.4 o t
16 - 24.11 i + 57 d ^ { 57 }
687 t ^ { - 5 } k + 584 k = - 5 w ^ { 1 } l ^ { - 9 }
58 k = 55 m ^ { - 4 }
- 31 + 94 t l ^ { - 76 }
859 g + 9.97 x c - 72.6 l - 3.39 p
8 d v g - 34 t = 74 c ^ { - 3 } q ^ { - 6 } - 40
1 c ^ { 9 } v ^ { 46 } q ^ { 3 } p ^ { - 9 }
- 38.2 + 1 + 2.86 b ^ { 76 } i ^ { 2 }
- 98.07 g
96.5 o
x v ^ { - 1 } + 42 q ^ { 3 } + 3
- 3.86 f ^ { - 4 } c ^ { 8 }
72.35 h ^ { 83 } i ^ { 5 } z ^ { 29 } = 6.0 - 5 + 93.3 a
7547 v ^ { 1 } b ^ { 4 } = - 78
58 c ^ { - 99 } r y
- 8 n ^ { 6 } - 65 r ^ { 3 } k ^ { - 2 } = 70.0
- 8 d c ^ { - 6 }
- 44.7 t ^ { 3 } d ^ { 4 } + 4 + 3.6 m ^ { - 6 } n
- 652 x ^ { - 7 } = 501 f + 27.1 i ^ { 8 }
1.3 a d ^ { 4 }
1 o - 61.59 h
48 p y ^ { 5 } q ^ { - 2 } u ^ { - 8 }
911 f ^ { 6 } + 26 k - 8 n m ^ { 5 } + 7.5 b ^ { 4 } l
- 71 d ^ { 7 } i
41 f ^ { 7 }
- v - 8.4
- 88 i + 8.09 z ^ { 76 } = - 6 a ^ { 2 }
- 77.8 - 8.1 f = 97 e c + 7 g
4 f k - 50 g - 35 t ^ { 5 } d - 5.8 s ^ { 1 }
- 64 k m ^ { 22 }
- 14.0 g ^ { 89 } z = - 832 r + k ^ { - 8 }
- 7.1 i + 72 k ^ { 7 } x ^ { - 2 } + 49.19 l ^ { - 7 }
451 h ^ { 5 } m ^ { 6 } = 92 + 79.6 + w h
32.4 j h r ^ { 2 } + 74 f ^ { - 9 } - 73 j
880 j ^ { - 6 }
46 + 4.2 = 289 z
- 97 f ^ { 5 } s ^ { - 5 } - u o - 87.8 t ^ { 1 }
w k ^ { - 4 } + 3 e ^ { 6 } + w + r ^ { 3 }
- 3 r = 9 + 2 a
- 2 z = 1 b t - 6 f ^ { 3 }
79.67 w = - 14.2 n ^ { 7 } z
- h ^ { 6 } d ^ { 9 } s
521 k v ^ { 5 } - 81.3 f
4 j ^ { 7 }
- 496 q ^ { 2 } x
67.2 c ^ { 7 } z ^ { - 2 } o - 3 w ^ { - 5 } x ^ { 1 } - 3.3
35.62 n t ^ { - 6 }
81 n t ^ { 56 } + o + 5.0 c ^ { 11 } i e + 915 i
- 16 + 1983 p ^ { 2 } - 6 r ^ { 4 }
- l ^ { 4 }
68 q + 3
- 37.0 m ^ { - 6 } - 6.54 p
6.8 w z ^ { 15 }
4.8 i ^ { - 9 } x - 79.29 z ^ { - 12 } + 2.19 q ^ { 4 }
- k ^ { 4 } - 330 o ^ { 7 } x f ^ { 69 } + 91 e
787 u p c ^ { - 2 } + 9 y c ^ { 2 } - 124 t ^ { 2 }
- 54.35 a ^ { 75 } h + 9.81 h ^ { 2 } f ^ { - 3 } = - 17 v ^ { 7 }
89 s g r ^ { 3 } + 6722 f ^ { - 3 } = 84 - 982
b ^ { - 4 } c ^ { 43 } + 5 m ^ { 4 }
- 6.9 p ^ { - 9 } k - 4 l e ^ { - 8 }
38.2 q ^ { 2 } - 4.01 i ^ { 4 }
452 h ^ { 3 } + b ^ { 40 } y u ^ { 7 } = 2 q ^ { 5 }
- 99 o l + v ^ { 9 } = 8 + 55 d ^ { 4 }
- 1.0 y ^ { - 6 } s ^ { - 52 } + 0.1 x = 24.48 - 8 k ^ { 9 } l
80.58 y v ^ { 1 }
5.30 d - 5926 - 739 g i
1 l ^ { 5 } f ^ { 6 } h ^ { 3 }
1.2 y ^ { 5 }
- 74.50 b ^ { - 8 } + 8 w - 380 d ^ { 65 } a u ^ { - 29 }
- 6.21 k ^ { - 7 } - 582 + 3 y ^ { 6 }
4 m ^ { 4 } + 1.30 a ^ { - 4 } o ^ { 16 } + 583 a ^ { 9 }
- 84.27 z ^ { 3 } t ^ { 9 }
- 2 q ^ { 6 } k ^ { 5 } v ^ { - 3 }
6.8 z ^ { 3 }
6 l ^ { 5 } a ^ { - 3 }
l ^ { 2 } r ^ { - 9 }
- 7 f + 42.8 o e ^ { 7 } b ^ { 2 }
5.1 q ^ { 7 } r ^ { - 4 } y ^ { 2 }
3.7 l - 553 m ^ { - 9 } h ^ { 6 } x ^ { 4 }
24 t k ^ { 4 } h - 21 n ^ { 94 } k y
607 t + 81 j ^ { - 2 } k
- 5306 u ^ { 5 } = 9.6 w ^ { - 7 }
3 d ^ { 1 } s + g j ^ { 6 }
37 u o ^ { - 5 } c ^ { - 4 } + 60 d ^ { 8 } e
- 25 s ^ { 65 } - 7 d ^ { 1 } l ^ { 4 } z + x v ^ { 3 }
8.67 p t ^ { 1 } + 72.85 p ^ { - 6 } d ^ { - 3 }
8.8 y ^ { - 7 }
- 88 b ^ { 2 } e ^ { - 7 }
1
- 2 r l ^ { - 9 } - 599 q ^ { - 8 } + 5.50 s ^ { 7 } f
62 z ^ { 17 } s ^ { - 6 }
28.76 l q ^ { 1 } + 3.14 e
310 u ^ { 6 } g + 1 u + 1.4 x j ^ { - 5 } g ^ { 3 }
297 r ^ { 2 } b ^ { 6 }
657 c d
- 968 m ^ { 3 } = 3 d ^ { 5 } m ^ { 2 }
- d o ^ { 1 } - m ^ { 8 } a ^ { - 3 } h
35.9 c - 22 = - 7.9 r ^ { - 3 } + 8 m ^ { 2 } r ^ { - 6 }
2.49 w + v ^ { - 77 } + 64 t ^ { 70 }
- 10.8 v ^ { 17 } = - 61.57 x e ^ { 7 }
- 1 h ^ { 8 } d ^ { 2 } j
45.19 n l
83 k ^ { 9 } j ^ { - 4 } t - 56.32 g ^ { 8 } = - 16.9 n + 10 m
- 5.7 m ^ { 9 } z ^ { - 6 } + 7 b + 8890 u ^ { 7 } x ^ { 4 }
1.51 - 9671 a j m ^ { 5 } = - 58
87 - 76.40 r - 9 l k ^ { 9 }
96.12 g ^ { - 8 } = - 45 w - 7
- 63 - 1 g d n ^ { - 2 }
p ^ { 84 } x ^ { - 9 } + 5.3 o t = - 7.8
85 t ^ { 2 }
- v o l i ^ { 74 } + 729 a ^ { - 9 } v ^ { - 64 } = - 69.9 l
92.5 v + w ^ { 1 } e
9.2 z - 64.0 = - 0.4 s ^ { 9 } y ^ { 7 } + 4.8 l ^ { 6 } q
15.26 l ^ { - 5 } g - 7.4 c ^ { 84 } r ^ { 55 } k ^ { 6 }
3 h ^ { 1 } v ^ { 89 } + 9 p m ^ { 8 } c ^ { 7 } + 63 + c
713 r ^ { - 1 } g ^ { 2 }
- 3.8 l ^ { 8 } - 5 h d ^ { - 20 }
- 72.1 u x
71 m ^ { 1 } x ^ { 11 } - 3.59 p k ^ { 7 } = 1.07 r - 14.39 e ^ { 8 }
- 1.18 w ^ { 1 } - q
78 q ^ { - 67 } + 4.20 x ^ { - 7 } m ^ { 6 }
22.3 p = 67.91 b ^ { 8 } x ^ { 6 } + 4.67 y ^ { 3 } m
506 n ^ { 9 } z - 9.8 u ^ { 37 }
- 4833 m ^ { - 4 } o ^ { 4 } + 7.3 x ^ { 3 } + 1 u c z ^ { 5 }
40.67 v ^ { 5 }
- 2 s ^ { 3 } + 3 w = e
- 5 h ^ { 80 } = - o z ^ { 2 } - 22 q ^ { 4 } d ^ { 2 }
7 z
- 2.9 l - 2 g ^ { - 8 }
1 z ^ { - 8 } h g ^ { - 6 } + 45 n ^ { 1 } e ^ { 1 }
0.5 t ^ { 1 } + 70.19 s q ^ { 9 } x ^ { 42 } + 835 o
- 6 i ^ { 3 } + 48 h ^ { 5 }
- 20 k + 50 = - 46.94 + 1 r ^ { 1 }
- y ^ { 2 } q t ^ { - 4 }
73.51 l = - 5 t ^ { 1 } b ^ { 5 }
10 g t h ^ { 51 }
e ^ { 1 } - 50.06 p ^ { - 7 } k ^ { 1 } = 6 p + q ^ { 4 }
2 s ^ { 6 } a ^ { 3 } = 6.6 - s ^ { 4 } o ^ { - 1 }
82.60 a ^ { - 1 } j l ^ { - 9 }
- 3 c + 30.62 v ^ { 8 } + 5 z ^ { 7 } t
64.02 r ^ { 1 } z ^ { 9 } y ^ { - 5 } + 45 c ^ { - 5 }
5 v ^ { 1 } + 4 u ^ { 6 }
4.4 h i ^ { - 6 } - 3105 n ^ { - 9 } + 730 a ^ { 65 }
671 b z ^ { 4 } d ^ { 7 }
- 49 i t ^ { 8 } m ^ { 7 } + 80 u ^ { 81 } g ^ { - 1 } z
47.84 l ^ { 3 } + j b f
96 o ^ { - 2 } - 11.09 e x ^ { - 9 }
- 9 v ^ { 37 } = 46 b
- 46.8 c
223 + 0.30 d + 3 j ^ { 48 } = - 1 x ^ { 5 }
7.0 g i ^ { - 7 } - 228 a t
k ^ { 9 } - 21 r ^ { - 4 } y
45 v ^ { - 68 } i = - 8 f j ^ { - 8 } - q ^ { 7 }
- 27 e q a ^ { 6 } - 9503 k ^ { - 1 } v ^ { 3 } + 7 n
83 i ^ { 7 } - 8 p ^ { 7 }
n
4 l
- 2.67 + 201 b ^ { 8 } a = 3.42 a ^ { 9 } f ^ { 6 } - c ^ { - 1 }
8 q - 4 j ^ { 6 } = 80.1 l + 69
- 12.0 t ^ { 5 } i ^ { - 8 }
- 8 j ^ { 8 } g - 2 y d
- 5 r ^ { 36 } + 7 f ^ { 4 } + 58.4 n ^ { 3 } = - 1 y + 0.7 e
6.7 f ^ { 4 } + 12 e ^ { 8 } g + 5.2 = 6.6 p
- 2 j ^ { 89 } z - 367 o ^ { 5 } = 36.08
288 c ^ { 42 } = 210 e
7.42 i ^ { 41 } g ^ { - 5 } n ^ { - 14 } + 86 o ^ { 9 }
725 u + 17.29 l ^ { 8 } n ^ { 2 } z ^ { 8 } i + 1.36
- 8 f ^ { 3 } z ^ { 7 } k
- 4.8 z = 5.9 h ^ { - 8 } c - 7
6 r s v + 360 b q
1.4 = - 65 q ^ { 2 } m ^ { - 5 }
p ^ { 5 } - 22.24 s ^ { 5 } n ^ { - 6 } z ^ { 1 }
0.7 d ^ { - 1 } g u ^ { - 3 } - 78
8 j k o + 4155 i k ^ { 8 }
43.67 s ^ { 8 } w ^ { 2 } + 9 z ^ { 5 } + 29 + b = - 6
p ^ { - 2 } + 93 v ^ { - 1 } y ^ { 1 }
4.7 s ^ { 3 } + 14 q ^ { - 1 } + 7730 z n ^ { - 1 } u ^ { 2 }
- 31.6 o ^ { 8 }
19.54 p ^ { 26 } - 18.0 t ^ { 5 } r ^ { 70 } + x y + 0.9 d ^ { 7 } w
1 x - 87.9 a ^ { 8 } h ^ { - 3 } - 30 a = q
- 18 d
488 l ^ { 8 } + 2 k ^ { - 8 } x s ^ { 5 }
m ^ { 5 } j - 14.1 w ^ { 3 }
- 7 z ^ { 7 } x
1749 h ^ { 1 } = - c ^ { 9 } a ^ { 7 }
6 d ^ { 29 } g o n - 56.91 d ^ { 1 } e ^ { - 9 } + 78 w ^ { 83 }
9.6 r ^ { 4 }
- 1 a - 767 u n ^ { 8 } a ^ { 4 } - 27.69
- u ^ { - 7 } n ^ { 7 }
- 304 v ^ { 97 } c ^ { - 3 } - 7 e a ^ { 8 }
- 1 s o ^ { - 8 } = 8.54 x
7.64 o h f ^ { 1 } = j - 4 z x ^ { - 6 }
20
87 j ^ { 4 }
- 31 k o ^ { 9 } + 11 = 14 q i ^ { 5 }
6533 t ^ { 1 } - 77.5 m ^ { 46 } f ^ { - 8 }
33 e ^ { 2 } b ^ { 9 } l + 21 q ^ { - 3 } p + 1 a
7 n ^ { 3 } m ^ { 6 } e - 71 + 54 x ^ { 7 }
- 73 g z ^ { - 3 } + 89.9 u
- 37 x ^ { 9 } + 7.46 n ^ { - 1 }
- 2 q ^ { 1 } + 33.3 j ^ { 4 } k ^ { - 55 } a + p b ^ { 6 }
399 l s ^ { - 1 } - z ^ { 1 } k x ^ { 18 } + 4127 x ^ { 1 } h
3 i ^ { 2 } e + 80 d ^ { 3 } + j x v ^ { 5 }
- 709 m b ^ { 1 } g l
69 l + 6 x ^ { - 2 } b ^ { 73 }
- 93.76
8 l ^ { 6 }
8.7 q ^ { 6 } o ^ { 9 } t - 61 + y h w ^ { 1 } - n m
79.8 = 696 j ^ { 6 }
- k d ^ { 2 } = - 2 + 78.19 v
- 15.4 e x + 7048 d i ^ { 3 } + 358 s
4 a ^ { - 62 }
- 3 d ^ { 73 } + z ^ { 5 } c ^ { - 8 }
- 7.47 g ^ { 3 } o ^ { - 9 } + 8.9 w ^ { 20 }
- 7283 - 6 u ^ { - 6 } f ^ { - 8 }
9961
- 914 d ^ { 72 } k ^ { - 5 } z
- 78 q ^ { 6 } i = - 922 l ^ { - 8 } o ^ { 5 }
- 46.98 n ^ { 2 } z = - 5.57 h + 38.00
5 z ^ { 7 } + 6928 k ^ { 1 } x ^ { 5 } = 3
- 5.05 x u b ^ { - 8 } + 9.3 n ^ { - 3 }
65 t ^ { 7 } + 9.6 h ^ { 57 } u y
- 9585 v ^ { 2 } a
56 j - h + 4 d ^ { 1 } k e = 46 i t ^ { 6 } - 2 m ^ { 8 }
- 22 o ^ { - 1 } t ^ { - 2 } g + 6 r ^ { 5 } + 607 k f
2 + 974 o = 5.2 + 82 + 18 w ^ { 2 } b
5 i c ^ { 9 } = 40 s ^ { 4 } + 166 g ^ { 6 }
- 13 u ^ { - 61 } a ^ { - 3 } x ^ { 6 } + 912 c ^ { 1 }
- 49.4 o u
94 l o ^ { 71 } = - 35 h ^ { 6 } m ^ { 7 }
8 d x ^ { - 4 } + 91.8 m ^ { 6 } = 11.5 d ^ { - 4 } e
808 a z ^ { 7 } - 64.6 s k ^ { 2 } l ^ { 4 }
549 n ^ { 2 } + 8 n ^ { - 8 } j u ^ { 2 } - 56 h ^ { 56 } k
91.10 s - 46.37 y e ^ { 7 } = - 1 r ^ { 6 } + 51 c
2937 s ^ { 1 } j ^ { 9 } - 4 r ^ { - 8 } g + 2 o
- 1.4 t ^ { 8 } - 44.4 = 3 e ^ { 3 } z + 8 y ^ { - 4 } a
47 q m - 62 s ^ { 9 } f ^ { 6 }
- 47 l - 4 k ^ { - 97 } = - 97.0 s m ^ { 7 } - 932
619 r ^ { - 9 }
8 t ^ { 74 } + 71 r o w ^ { 10 } m ^ { 3 } = - 5 - 11.06 q
d ^ { - 50 } l r ^ { 9 } = 8.4 o ^ { 3 } + 63.0 o ^ { 8 }
4 y a ^ { 5 } - 75 t ^ { - 5 } g ^ { 3 } = - 5.00 e w
61 v + f ^ { - 7 } u ^ { 4 } t ^ { 2 } n ^ { - 4 } - 66 m e
58 e ^ { 4 }
68.3 e ^ { 34 } y ^ { 5 }
4.8 k
71.13 q ^ { - 97 } v ^ { - 4 } z ^ { 2 } e ^ { 20 }
9.7 p ^ { 92 }
49.56 d ^ { 27 } i ^ { 7 } c ^ { 6 } - 9.64 p ^ { 1 }
31 w ^ { 6 } = - 9 b f ^ { 8 }
6 e + 3 e ^ { 23 } - 89 w ^ { 1 } u = - 8 a ^ { 4 }
7.1 t ^ { - 1 } + 744 z ^ { - 7 }
333 t - 520 i ^ { 9 } v ^ { 4 }
- 54 + 9 g a ^ { 6 } q ^ { 1 } = 7 t
72.17 k ^ { 7 }
- 69.33 q + w ^ { 70 } - 8415 r
- 283 n ^ { 6 } b ^ { 8 }
- 31 + 40.6 x f + t ^ { - 4 } c ^ { - 1 } + n
8 s ^ { - 3 } f + 2.2 s ^ { - 8 } v + z ^ { 1 }
- 5.43 j ^ { - 9 } = - 96 x + 50.27 f ^ { 3 }
744 m ^ { - 4 } p ^ { 12 } + 511 = 42.00 p r ^ { - 3 }
80 h u ^ { - 3 } + 30.60 d ^ { - 6 } a ^ { 8 } + 945 g ^ { 13 }
- 28 w - w ^ { - 27 } u
3 + 5 - 89.56 h v ^ { 9 } = 61 f
33.8 f ^ { 7 } j
- 241 - 3 n = 9 e ^ { - 5 } + n e ^ { - 4 }
j ^ { 7 } = 60.1 u ^ { 5 } + 49 u
60.1
- 60.4 l + 3428 w ^ { - 5 } = 6 - 55 b ^ { 8 } d ^ { 8 }
1 k p + 9 i ^ { 8 } l - 5.15 c ^ { 7 } y ^ { 1 } x ^ { 2 } s
- 5 u + 59 a m ^ { 8 } n e ^ { - 2 } = 4 k - 46 d ^ { 7 }
8.2 r ^ { 36 } s + 98.44 e ^ { 8 } - 3 z ^ { 5 }
7 g ^ { 4 } + g ^ { 5 } - 3398 y ^ { 3 } d
- 2 c ^ { - 1 } l o ^ { 1 } + 43 d ^ { - 3 } y ^ { 7 }
- 2.84 q ^ { 9 } - 0.00 p ^ { 5 } u ^ { - 1 } = 74 x ^ { 1 }
- 92 s g ^ { 7 }
3.24 d b ^ { 5 } f ^ { 4 } + 5562 c
69 f ^ { - 3 } + 60 x f ^ { 9 } = 74.2 x
33 j - 79 x + 0.56 h ^ { 2 }
83.6 m ^ { - 5 } - 86 f ^ { 67 } - 1 a ^ { 9 } l j ^ { 5 }
6.5 t e = 62 + 6.4 s ^ { - 4 }
w ^ { 8 } + 20.9 = 3 + 38 d g ^ { 2 }
- n ^ { - 6 } o
5 n + o ^ { - 3 } n ^ { 6 } - 50 u = 5 u ^ { 6 } + 36.5 x
2 l ^ { 95 }
- 59.48 p ^ { - 8 } - 7 t ^ { 6 } j ^ { 5 } = 5
7678 + 44 u e
135 l ^ { 6 }
- 0.3 h w u = - r ^ { - 7 } n ^ { - 7 } + 13 u ^ { 9 }
- 4.82 k a ^ { 9 } + 63
- 50 a ^ { 5 } f ^ { - 5 } - 64.79 q ^ { - 24 } g
6 k z ^ { 2 }
60.01 + 61 w ^ { 1 } f ^ { - 5 } i ^ { 2 }
3.7 f ^ { - 7 } o ^ { 5 }
6.0 d ^ { 6 } l ^ { 5 } q ^ { 3 }
73.9 l ^ { 4 } v - 9 + 89 t ^ { 2 }
22.9 d c ^ { 36 } + a - 4.9 x r ^ { 7 } - 764 = - q f + 925
- z ^ { 7 } f ^ { - 53 } - 356 + 4 g
81.7 n ^ { 4 } k ^ { 36 } - 91 f ^ { - 5 } + 37 o k
6.02 u = 6 i ^ { 8 } + 3.1 t z ^ { 2 }
- 46 z ^ { - 9 } g
3 b ^ { 31 } v ^ { - 5 }
- 5.45 z ^ { 7 }
- 70.00
- 7.6 f ^ { 8 } o - 6.35 p ^ { 3 } - 953 g x + 3.28 b ^ { 3 }
- 1.5
1.4 g ^ { 9 } f - 52.0 r v
1 s ^ { 8 }
3.57 k ^ { - 1 } = - 1 q ^ { 7 } z ^ { - 4 } + 2.9
20 j c ^ { - 3 } v ^ { 3 } + 23.9 p ^ { 3 } = 9.1 n w
243 i ^ { 9 } l ^ { 2 } + 80.7 a z ^ { - 2 } v ^ { - 7 }
76.0 u ^ { 5 } v
i - 33.2 h ^ { - 8 } t + 79 y b ^ { - 5 }
4 b ^ { - 7 } + 118 a ^ { 4 } o ^ { - 5 }
- 14 b ^ { 5 } m ^ { 3 } z ^ { - 97 }
- 7 k z - 69.55 m i ^ { 92 } = - 5.2 l ^ { 7 } u ^ { - 1 }
78.5 i ^ { - 9 }
- 43.8 g ^ { 6 } w ^ { - 66 } t
- 88 u ^ { 87 } i ^ { 16 } c x ^ { - 79 } - 83 j ^ { 96 } + 47 g
3 n ^ { - 12 } e w - 64 q ^ { 8 } w n
5 m ^ { 53 } - 312 r n ^ { 9 } - 5.2 g ^ { - 8 } = 58.4
2 i ^ { 8 } f ^ { 1 } + 8771 e
- 3117 b
6 - 9 g ^ { 4 }
- 53 m ^ { 5 }
7 l ^ { - 2 } - 290 h j ^ { 9 } + 2 i n ^ { 8 } l ^ { 74 }
- 38.7 d = l ^ { 3 } - x ^ { - 8 }
- 8 + 19 t + 1 z ^ { 4 }
- 53 s ^ { - 4 } e ^ { 56 } = 1
- 48 w = 66.87 + 0.12 n ^ { 5 }
- d ^ { 9 } l
6.32 z ^ { 4 } j ^ { - 3 } g ^ { 3 } + 1.6 d
- 371 c ^ { - 4 } x ^ { 2 } + 483
5 s m ^ { 6 } w ^ { 7 } - 64 k ^ { 4 } h ^ { 7 }
2.73 v ^ { 5 } + 1.23 y ^ { 5 } e ^ { 2 } + 2 w ^ { - 1 }
f ^ { 51 } k ^ { 6 } - 0.23 x q ^ { 7 }
155 q ^ { 42 } x ^ { 8 } v
39 r b + 770 k ^ { 4 } i ^ { 7 }
46 t ^ { - 3 } a ^ { - 9 } + 224 w t
1 k ^ { 9 } + 1 i ^ { - 2 } p ^ { 2 }
5.8 a t ^ { 1 } + 943 r ^ { - 2 } + 82 b ^ { 5 } p + 42.20
5 k ^ { - 9 } d ^ { 4 } f ^ { 84 } = 2 + k j ^ { 2 } + 80 b
955 q ^ { - 4 } e ^ { 51 } t
9906 - 816 f ^ { 6 } z ^ { 3 }
- 1 - 101 m ^ { - 5 }
- 902 q + 62 p a + 1.33 c m + 9 y ^ { 7 }
- 6 t ^ { - 8 } j ^ { 8 } a - 1.16 y
3 v ^ { 9 } b ^ { - 2 } + 51 k d ^ { 5 } + 7 e
- 426 z ^ { 6 } o ^ { 1 } + 97.69 i o - 6 m ^ { 6 } k ^ { 70 } d
8.6
8 q ^ { 4 } - 3 t ^ { 7 } = - 34 - 6 o ^ { 6 } u
- 76 v - a ^ { 7 } + 8 q
2 e + 822 l b ^ { - 7 } v ^ { 3 } = 1 x + 4.97 l ^ { 7 }
- 630 y + 11.8 q ^ { 23 } z b ^ { - 6 }
7.7 z ^ { 3 }
- 54.2 j ^ { 6 } g ^ { 6 } - 2 f m q ^ { 4 } = 64.63
1 c ^ { - 20 } p
6.6 p ^ { 4 } + 0.3 u ^ { 73 } + 9.78 t ^ { 6 } = - 24
71 = 79 v ^ { 9 } a ^ { - 8 }
0.6 h ^ { 1 } + 68 c x t ^ { 3 }
42.47 f ^ { - 3 }
2.72 y = 54.5 n ^ { 5 }
- 53 y ^ { 6 } + 13 i ^ { 2 } d ^ { 13 }
11.26 x m ^ { - 4 } f ^ { 4 } = - 7 + 2 q ^ { 1 } l ^ { 5 }
16.67 y ^ { - 8 } - 9.49 r ^ { 18 } - 18 f z ^ { - 1 } l
- 1 o ^ { - 7 } + 3 - 7.3 d c s ^ { - 5 } + 71 a ^ { 3 }
8 d g ^ { 55 } + 3 m ^ { 4 } b v
42 x ^ { 5 } - 14.17 b ^ { 5 } + 42 c ^ { - 6 } z ^ { 5 } = - 72
7 n ^ { 1 } - 62 j ^ { 6 }
3 - 87 n ^ { 79 } + 8 w ^ { - 6 } s ^ { 55 }
38 o m ^ { 2 } n + 4.05 c ^ { 7 } + 1 f = 19.4 v u
- 5 h + 86 = 5 r ^ { - 9 }
- 81 s - 93 e v h ^ { - 7 } - 82 a o
796 r q ^ { - 8 } - 51 c ^ { 7 } p ^ { - 8 }
- 2 q ^ { 8 } = 4 - 6.83
335 o t ^ { 2 }
- 9 i + 8 r z ^ { - 3 }
- 8 j + 6 g x p + 74 q ^ { 1 } p
973 o ^ { 8 } h ^ { 6 }
567 c i ^ { 1 } u + 461 c ^ { 4 } z v ^ { - 4 } = 8.86 - 29 n
4 g + 10 f ^ { 41 } t ^ { 6 } = - 1.99 k e
8.2 v ^ { 5 } o = - 78 s
9 j ^ { 8 } x ^ { 2 } z + 3 q ^ { 6 } i ^ { - 8 }
1 j ^ { 9 } + s e ^ { 92 }
46 z ^ { 1 } g ^ { 7 }
r ^ { 5 } + 18.7 s
59.9 g ^ { 5 } z ^ { 4 }
- 7 i e ^ { - 4 }
- 734 + 44 f
- 48.99 t w ^ { - 8 } - 51.0 = 1.5 f + 80
496 x ^ { 5 } z ^ { - 7 }
507 x ^ { - 77 } j k ^ { 7 } + 36 z p ^ { - 1 }
328 t ^ { - 6 } - 895 j ^ { 3 } t ^ { 5 }
- l m + 19 o ^ { 4 }
- 69.64 c ^ { 3 } - 7.60 p d ^ { 7 }
37.6 t ^ { 1 } p ^ { 8 } l ^ { 9 } r ^ { 5 }
9.1 c ^ { 1 } s + 7 d ^ { 1 } + 22.7 t ^ { 1 } v
2 z ^ { 9 } e = 26.3 e ^ { - 8 } + 34 k + 0.43 t
9 k ^ { 84 } - 4 v z u ^ { 73 } = 63.58
z ^ { - 4 } = - 3.9 k ^ { 7 } x
1103 i ^ { - 4 }
0.01 g + 3.5 k = c ^ { - 4 } y - 0.86 n ^ { - 2 } m ^ { 2 }
- 1300 j ^ { 2 } - 6 w ^ { 4 } x + 91.5 f ^ { - 2 } o ^ { 8 }
416 v = - c ^ { 8 } + 1.6 d ^ { - 8 }
f + 7.5 c ^ { 5 }
21 i - 75 x ^ { 5 }
55 a v ^ { 3 } + 344 w = 2 o ^ { 8 } d ^ { - 7 } + 577
- 861 = - 1 w ^ { - 4 } j
- 5 t ^ { - 36 } l ^ { - 7 } f
- 730 b ^ { - 78 } l x ^ { - 2 } f ^ { - 4 }
- 9.77 n ^ { 9 }
32 n ^ { 21 } y ^ { 50 } - 7 z = - 21 x + e ^ { 4 } q
n ^ { 5 } s
- 5.3 j ^ { - 7 }
4.4 q f = 8
- 515 a ^ { 6 } d ^ { 9 } r ^ { 2 }
h z f ^ { 5 } = - 66 t
- 3982 m z = 5 s
- 38 e ^ { 5 } + 1 d ^ { 2 }
- 23 d - 446 s ^ { - 9 } i j ^ { 91 } = - f
29 k
- 3 m
- 7 d + 1 - 2 l ^ { 4 }
40 k f ^ { 6 } d + 1435 g ^ { 5 } w ^ { 15 }
- 45 c ^ { 19 }
80 h ^ { - 2 } d ^ { 8 }
5470 m - 596 f v = - 12 w a + 87 g d ^ { - 4 }
d ^ { - 5 } - 9 q ^ { 87 } = - v
- 1.7 t
87.82 b f ^ { 33 } + 72 s ^ { - 7 }
4.1 c ^ { 6 } q y x ^ { 7 } = - 6.9
6 r ^ { 61 } k - 6 q j
1.7 q ^ { 3 } x ^ { 5 } z ^ { 9 } - 2 w m + t ^ { 4 }
5 t ^ { 8 } + 98.06 f ^ { 6 } o t
40 o + 2.57 y ^ { - 55 }
- 40 d ^ { 6 } + 61 d ^ { 5 } e x
- l n - 0.73 o ^ { - 6 } w ^ { 4 } - 38 b ^ { 3 } t ^ { 7 } i
49 f + 2 p x t + 51.46 e ^ { - 6 } f
t ^ { - 1 } c ^ { 8 } = 71.50 u ^ { 2 } q + b ^ { - 1 }
- 2 + 86.27 + 48.4 j ^ { 4 } - 56 e ^ { - 60 }
- 8 l ^ { 9 } + 903 b ^ { - 4 } c ^ { 6 } = y ^ { 1 } - 30
810 o f ^ { - 85 } = 97 i ^ { 6 }
- 9 i ^ { 9 } c x ^ { 2 } - 5 z ^ { 8 } a ^ { - 7 } = - 70
5 d w ^ { 5 }
- 9.6 v ^ { - 6 } w ^ { - 54 } + a ^ { 4 }
- 85.4 r + 5 j m ^ { 9 } + 93.80 t ^ { 1 }
t ^ { 1 } - 54 h ^ { 7 } g ^ { 7 } - 6.2 a c
- 12.6 q + 9 = - 81 - 374 d s ^ { 9 }
7.82 s ^ { 4 } q u g ^ { 1 }
9 k ^ { 1 } b ^ { 5 } + 75.4 t
9.11 h ^ { 6 } a f ^ { - 7 } - d f ^ { - 5 } b + l ^ { 2 } g
7 o ^ { 6 } r ^ { 39 } f ^ { 5 } - 37 j ^ { 63 } n
6 e ^ { 4 }
60.4 y ^ { - 7 }
- 6.2 n ^ { - 3 } y ^ { 2 } + 462 e ^ { 8 } x ^ { - 4 } + 44.74
56.73 + m d ^ { 83 }
4 y ^ { - 3 } j ^ { - 1 } c
840 h ^ { 2 } - 60 i - 4 s ^ { 9 }
51 f x ^ { 4 } - 4 e ^ { - 8 }
40 d = - 3.71 h o ^ { 3 } + 4.4 g f ^ { - 9 }
- z ^ { 9 } o ^ { 6 } i ^ { - 8 } = d
j ^ { 53 } l - 545 a ^ { 4 } n ^ { 8 } w ^ { 8 }
7 p + 21.10 x ^ { 6 } + 190 r ^ { - 6 } - 9.07 q n ^ { - 4 }
2.9 l ^ { 9 } r + 43 v ^ { 9 } x - 82 r ^ { - 2 } a = s - 84
55.2 f ^ { 7 } v ^ { 91 } i ^ { 9 } + 483 - 1 b ^ { 3 }
177 c ^ { - 2 } + 19 z ^ { 3 } + 59 y ^ { 3 } + 3 q ^ { - 5 }
- 9 q ^ { - 59 } w + b + 1 = - 70.31 h
8.49 r o ^ { 7 } l = 12.7 f - 87.46
8 m ^ { 6 } x ^ { - 3 } - 35
- 62 n ^ { - 1 } - 4 v
81 q ^ { 3 }
4 l ^ { 37 } + 6.98 v ^ { 6 }
4.64 x ^ { 2 } - 4.6 c + 63.3 x o
- 761 e ^ { 4 }
- 631 o + 4 r ^ { 3 } h k ^ { 6 } + 20.12
9 i ^ { 8 } + 8 d p ^ { 6 } i ^ { - 4 }
- 4541 + z ^ { - 19 } g s + m ^ { 2 } = 3 t r
5 t - 45 k ^ { 8 } + 88.34 = - 6.84 q b
63.35 u + 17
- 2.9 b ^ { - 7 } = r a + 58 v ^ { 7 } r ^ { 9 }
67 j ^ { 4 } + 81.30 o ^ { 5 } m y ^ { - 7 } = 5
3.9 e ^ { - 81 } a ^ { - 94 } = 43.5 s + 5.41 y ^ { - 4 }
- g ^ { 3 } z ^ { - 2 } + 5 v ^ { 18 } c f
8.2 l ^ { 5 } c i k ^ { 26 } = - 212 - 42.0 n
- 0.49 k ^ { 6 }
55 s ^ { 78 } + 8.70 j k ^ { - 7 } - 3.77 x ^ { 7 } + y
4.33 u ^ { 4 } j = 259
- 5.5 h + 75 n ^ { 8 } z + u b ^ { - 6 }
- 91 b m
30.4 r ^ { 1 } x ^ { 4 } k ^ { 8 } - 18 m l
16 o ^ { - 24 } e ^ { 5 } + 26.35 h n ^ { 2 } = - 77 + 30.9 z
95.7 p ^ { 1 } h y ^ { 65 } - 3.56 + 19 l ^ { 79 } m
2 + 7 x ^ { 1 } z ^ { - 51 } r ^ { 9 } - 2 c ^ { 3 }
- 3.91 l ^ { 25 } a - 5.5 l = 89.3 u ^ { - 2 } + 79.0
- 66 - 58 b ^ { 2 }
- 48.37 m ^ { 5 } f + 62.7 z + 38 f n ^ { 5 } + 24.4 f ^ { 5 }
- 65.94 h ^ { - 3 } + 3 d p + 7.8 z ^ { 2 } l ^ { - 7 }
8.7 b - 2 m ^ { 8 } u g + 9234 u ^ { - 2 } f ^ { - 2 }
- 0.0 d ^ { - 4 } p + 7 q u ^ { 98 } t ^ { 3 }
- 3 f ^ { 1 } w ^ { 75 } + 411 s ^ { - 1 } + 8.70 + 3.92
5.68 c ^ { 3 } n ^ { - 2 } - 817 v ^ { 1 } g ^ { 5 } o ^ { 96 }
- n ^ { 1 } + 96 s ^ { 8 } k ^ { 9 } - 582 g ^ { - 5 } l
41 j
770 y ^ { - 9 } - 50 y ^ { 9 } x + 26.2 n q ^ { 1 } w
6 p + 9 v ^ { - 2 } = 22.81
22 m ^ { - 83 } g ^ { 13 }
80 s ^ { 9 } k ^ { - 72 } r ^ { 1 } - 1 g
8.18 k ^ { 2 } r + 407 v x = - a ^ { 9 } + 78.1
6 l n i ^ { - 16 } - c + 9 v w = 96 k ^ { 5 } d
- 9.78 + 63.4 x ^ { - 9 } a
14 n ^ { - 4 } - 43 + 85.1 h ^ { 3 }
- 6055 r ^ { 5 }
853 h ^ { 2 } - 760 k ^ { 8 } + m u + 1.2 t ^ { - 61 } o ^ { 7 }
493 h ^ { 52 } d ^ { - 6 }
- 8 s ^ { 2 } h ^ { - 5 }
- 381 g ^ { - 4 } + 4.2 n ^ { - 39 } + 38.98
- 70.5 t ^ { - 6 } + 2.04 y ^ { - 2 }
- 22.30 q ^ { - 8 } - 5 t ^ { - 3 }
- 86 z ^ { - 8 } v - 991 b - 43.80 i m - 42 l ^ { 9 } u ^ { 6 }
5975 d ^ { 3 } e ^ { 6 } x ^ { 3 }
- 75 f ^ { 12 } z l q ^ { - 5 } - 6 k c
- 3 s a ^ { 5 } + 1.8 n - 3 r ^ { 2 } b
- 3569 + 1 c ^ { - 1 } - 5946 k ^ { 3 } u + 3 w
4.0 c ^ { 9 } x ^ { 43 } + 3 = 7 + 99.85 y ^ { - 2 }
- 11.26 e g ^ { 14 } k ^ { 3 } - 8 e ^ { 5 }
93.8 w ^ { - 6 } p y ^ { 6 } + 8.46 k ^ { - 21 } z a ^ { - 3 }
- 42
5.6 g ^ { 1 } z o + 5.59 + 7 i k ^ { 5 }
96 w = - 5 v
- 1.7 - 38.19 v w ^ { 7 }
5.77 k h + 1384 s ^ { 8 }
- 2.27 b ^ { 7 } = - 93.1 p + 47.00
- 652 q - 4364 q ^ { 1 } = 86 g ^ { 1 } - 4 y
95.63 = 44 k ^ { - 1 } l ^ { 1 }
53 p + 3 f ^ { 3 } t ^ { 4 }
94 d
929 u ^ { 7 } - 91.66 q ^ { 4 } + 68 s ^ { 1 } f ^ { - 2 }
49.6 + 45 j ^ { 98 } - 329 x = w ^ { - 1 } x ^ { 6 }
62 c i ^ { 7 } y ^ { - 4 } - 1 x ^ { - 9 }
69 u - 34 g ^ { - 9 } w ^ { 3 } o ^ { - 26 } + 9 b e ^ { 4 }
44.0 h ^ { 37 }
p + 8.2 b ^ { 7 } j - 70.9 l ^ { 6 }
44 k ^ { 9 } + r
44.5 e ^ { 4 } s - 61 m = - 0.2 x ^ { - 8 }
4 u h ^ { 37 } n ^ { 63 } - 8.8 k
- 7.30 = - 5.4 + 3
8 d ^ { 54 } e ^ { 1 } = 91.01 g ^ { 7 }
- e ^ { 5 } u + 7.5 w ^ { - 8 } g ^ { 1 } - 7 o x
215 f ^ { - 3 } g + 177 y ^ { 7 }
- 26.5 d ^ { 4 } u l + 65 t = 4.7 + 10 f ^ { 7 }
75 p m ^ { 3 } - 73.70 o ^ { 3 }
31.63 a ^ { 5 }
2 t ^ { 6 } j = 64 x ^ { - 3 } u ^ { 3 } + 5 r ^ { 2 }
7020 c + 43 p ^ { 5 }
80 q ^ { 1 }
6.2 z ^ { 6 } g ^ { 8 } = w ^ { 8 } + y v
- 3 v ^ { 8 } - 96.2 r e ^ { - 6 } y ^ { 8 } + 38 q ^ { 3 }
94 w b
22.06 e ^ { 39 } y ^ { - 2 } h ^ { 4 } + 6.15 p x = - 4 - 25 p + 7
26.0 m ^ { - 5 } + s ^ { 1 } - 33
63.3 j c ^ { - 16 } m ^ { 9 } s ^ { 44 } - 0.2 h ^ { 3 }
- 0.14 y ^ { 8 }
8 x ^ { 8 } z ^ { 3 } + 5.5 b ^ { - 57 } u
- 661 n = 1 f ^ { 4 } + 86.3
- 4.30 + 3116 j ^ { 91 } - 644 w - 612 j ^ { - 6 } a
91 b ^ { - 7 } - v b + 58 b ^ { - 7 } m ^ { - 3 }
32.53 h ^ { 1 } w ^ { 2 } q ^ { 6 }
- 3 y ^ { 11 } s
1 c ^ { 9 } r ^ { - 7 }
7.05 w d + 24 p ^ { 44 } - 33 a ^ { 3 } u g ^ { 21 }
77.4 e ^ { 9 } f + 54 d ^ { 6 } e = - 88 f ^ { 6 } d ^ { 3 }
- 46 q ^ { - 9 } = 78.0 b ^ { 8 }
562 h p ^ { - 3 } + 14.3 = 62 o
86.89 d = 3.16 r ^ { 2 } + 58.72 i - 2.47 m ^ { - 1 } x ^ { 3 }
- 20.51 p n ^ { 5 } - 16 p x
1.94 d h
- 35 u ^ { 4 } l ^ { 1 } - 21 t ^ { 7 }
30 d ^ { 19 } x - 5 s ^ { - 4 } r u
- 96 u ^ { - 1 } + 6 t m
- 7 = 26 m z ^ { - 2 } - 22.83 p ^ { - 6 } q
- 86.92 a ^ { - 9 } - 32 l ^ { - 1 } n ^ { - 91 }
17.5 o ^ { 3 } - 1.45 v ^ { 6 } b
43.5 d n s + 47 = 81.11 g ^ { 2 }
- 9.0 z ^ { 9 }
68.20 l - 15.92 g ^ { - 4 } c ^ { - 3 } = - 57 g
24 y ^ { - 3 } g ^ { 90 } = 13 d ^ { - 3 }
- 557 e q - 29 - 7 = q
9453 + 22 y ^ { 1 } z ^ { 9 } + q b ^ { - 84 } r ^ { 1 }
o ^ { 4 } + r ^ { - 9 } c ^ { 3 } h = 3 + 64 f ^ { - 6 }
- 8.94 w ^ { 1 } - 38 v ^ { 2 } + 47.51 + 478 d = - k n ^ { 3 }
- 81.86 k ^ { - 76 } - 36 l ^ { 78 } b = 2 + c ^ { - 5 } p
- 79 d ^ { - 95 }
- 35 n ^ { 5 } e g ^ { 7 } i + 1.56 u ^ { 7 } - 5 l ^ { 4 } r
- 96 p ^ { 9 } = - 4 m ^ { 4 } + j
- 64.0
42 j ^ { 6 } = 42.4 d ^ { 9 }
l ^ { 3 } h y ^ { 5 } g ^ { - 2 } - 97.88 v ^ { 1 }
- 4.03 b - 4.90 h r g ^ { 3 } = - 2.3 k g - 4.0 g ^ { 3 }
25 x
10.64
- 52 m ^ { 6 } = 2.4 h ^ { 8 }
60 a ^ { 8 } = - 44.55
704 f ^ { 96 } - 77.53 o ^ { 98 } m ^ { - 81 } b
9 y x ^ { 7 } a + 6408 x ^ { 4 } l = 41.1 e ^ { 9 }
7.0 h ^ { - 2 } z ^ { 4 } + 4229 i ^ { 3 } l
40 u ^ { - 6 } e + 27.48 w ^ { 9 } s ^ { 4 } g ^ { - 3 }
579 f ^ { 6 } h ^ { 2 }
3 u o ^ { 96 } = - 46.02 l ^ { 6 } + 17.11 i n
- 801 z ^ { 7 } x ^ { 67 } m
82.85 n d ^ { 9 }
21.7 f ^ { 6 } z y - 4872 l k ^ { 2 } = - 86 n ^ { 6 } - 9
1.6 h ^ { - 7 } c i - 8 = 9 m p ^ { 7 }
299 s ^ { 4 } f = - 100 + i ^ { 7 }
p ^ { 3 } + 89.78 m r c + 6 b ^ { 6 } + 118 q ^ { - 50 }
962 r ^ { 7 } d ^ { 8 } = 2.34 i - 5
- 3 g i ^ { 5 } = - m g - e ^ { 5 } x + h g
349 p ^ { - 65 } y ^ { 96 } o ^ { - 2 }
- 18.39 z ^ { - 3 } - 81.72 q ^ { 3 } x v ^ { 5 } y
254 s ^ { - 6 } v - 37 m z
- 8
20.7 c d ^ { - 40 } s ^ { 9 } + 90.0 h n ^ { 7 }
- 5 d s ^ { 1 } - 928 g ^ { - 2 } w ^ { 8 }
- 3 s ^ { 2 } k - 1 i ^ { - 95 } - 9.3 q ^ { 1 } x ^ { - 6 }
- 16.85 a ^ { 2 } y ^ { - 4 } + 5 + 0.5 k ^ { 1 } r
998 v ^ { 95 } + 9 b ^ { - 9 } - 716 m ^ { 7 } d ^ { 6 }
- 12.27 v ^ { 8 } w + 4 o h u ^ { 3 } = 5 r
- 440 s q ^ { - 1 } k ^ { 9 } + 1 + 72.6 j ^ { 5 } z
- 4 z + 4.89 t m ^ { 3 } + 213 c z
36 s b ^ { 8 } + 9
4 i ^ { 3 } - 5 v i ^ { 5 } p ^ { 18 }
- 94 d f ^ { 5 } = - 95 d ^ { 2 } m ^ { 7 }
- 22 s + 9948 k x = j h ^ { 7 } + a n + 3 d ^ { 9 } x
79 z + 45.95 o ^ { 4 }
837 b i + 3 u s ^ { 8 } = 9 o e ^ { 9 } - 90.89 a
- 556 n ^ { 8 } + 8.7 u ^ { 73 } q ^ { - 91 }
29 + s ^ { - 3 } w ^ { 2 } k ^ { 8 }
4 i ^ { 2 } t + 46 z ^ { 6 } + x w ^ { 98 }
- 88.7 w + k ^ { - 4 } s ^ { 7 } f ^ { 75 } g + 30 r ^ { 9 } z
2 w - 9.17 l ^ { 1 } + 4.89 u ^ { - 1 } k ^ { 3 }
7.1 l ^ { 4 }
- 94.8 x l ^ { - 2 } u c = 3 - r ^ { 1 }
7 - 99.40 t ^ { 1 }
c + 0.81 u ^ { - 44 } + 3.01 m ^ { 3 }
- 37 o ^ { 8 } h + 5.17 o ^ { 5 } - 1 r
6 u d + 985 w ^ { 2 } p = x ^ { 8 } + 11.5 k w
7 y ^ { 1 } o ^ { 5 } = 2.39 k
4.5 u ^ { 2 } i ^ { 2 } - 91.4 z ^ { - 6 } + 5 k = 7.05 p ^ { 8 }
- 6.38 l c ^ { 4 }
- 411 m ^ { - 9 } - 38 u ^ { 9 } s ^ { 4 }
- 7848 w ^ { 3 } - 8 l ^ { 6 } = - 3.8
7 o ^ { 2 } s - 45.7 r f w
- e o ^ { 1 } = - e + 4
8 v ^ { - 2 } h = g b + h ^ { 6 }
- 5 q ^ { 7 }
- 857 s ^ { 3 } - b ^ { 5 } u ^ { 4 } + 89 b ^ { 7 } g
- 3.54 t ^ { 5 } l p ^ { - 6 } + 9 n = - 38 q o ^ { 9 } + 49
- 7.02 o ^ { - 8 } b ^ { - 6 }
6.1 f ^ { 3 } + 9296 g ^ { 7 } = 7.6 c s - 90.34 m y ^ { - 8 }
- 3.87 q z ^ { 4 } + 3 u ^ { - 3 } g = 24.2 o ^ { - 6 }
9 z ^ { 87 } o ^ { 5 } + 24 c ^ { 6 }
- 6 t ^ { - 2 } + 20 d ^ { 9 } r ^ { 2 } = - 239 j e ^ { 2 }
- 987 g q
- 46 t ^ { - 6 } - 65 v d ^ { 9 } = 61.20 n
a b - 56 i ^ { 9 } u
46.7 n + 8.35 b e ^ { 6 }
1.3 - 1613 c g - 54 e v + z ^ { 3 } y v ^ { - 65 }
- 28 p l ^ { 1 } + 5 v z = 1.87 + i ^ { 9 } q ^ { 6 }
- 68.4 p ^ { 11 } = 25.84 d ^ { 1 } r ^ { 2 } - 34 v ^ { 2 }
40 w - 4.51
- 89.5 x ^ { 3 }
9.30 i ^ { 4 } l c - 18 r = - 3 x ^ { 3 } + 56 - 96 f y ^ { 4 }
82 v + 7 o ^ { 1 } = 6 h + 99.72 l ^ { 6 } a ^ { 5 }
64 e y ^ { 37 } - 55 f ^ { 1 } s ^ { 3 } v ^ { 2 }
g ^ { 8 } + 61 v i
95.81 i ^ { - 1 } = - m ^ { - 4 } - 76.6 w
7 p r ^ { 4 } - 314 y m ^ { - 6 } + 1.79 i ^ { 5 }
i ^ { 2 } - 15 t b ^ { - 7 } + 7 s x ^ { 68 } = 5 - 34
- 8.8 q ^ { 5 } f j ^ { 4 } - 15.92 - 85 o ^ { 1 }
- q o ^ { 2 } = - 6 - 24.6 i ^ { 6 }
- 1.3 n ^ { 2 } p + 818 o r ^ { 8 } i ^ { 3 }
22 n - 78
- 20 e ^ { - 8 } u ^ { 8 } t ^ { - 8 } + 5
- 7.60 r ^ { - 8 } p ^ { - 61 } d
6.2 f ^ { - 69 } - 70 h n - 3 z ^ { - 75 } = 50 g ^ { - 9 }
- 1.40 z t ^ { 3 } u + 37.0 l t ^ { 34 }
197 p ^ { - 1 } z + 71.10 g + 40.97 h t g ^ { 2 }
- 248 v ^ { 37 } + 92.41 = n ^ { 4 }
82.83 o = - 16 f ^ { 1 } g
- 95 q
389 j ^ { - 46 } w ^ { 3 } s ^ { - 5 } x
- 3 v ^ { 5 } + 4 m - 606 i ^ { 8 } f ^ { - 10 } v
- 8 c
8 u h - 40.25 c ^ { 8 } u + 44 t y
0.03 j s ^ { 87 } + 317 v e - 8 m ^ { - 5 }
94.87 e ^ { - 34 } k ^ { 4 } l ^ { 6 } = v ^ { 6 } e
1.1 q f ^ { - 5 } + 2 l ^ { - 9 } r ^ { 1 } + 91.6 g ^ { 6 }
- 52 d ^ { - 5 } h ^ { 30 } - 9.4 s g
3 b i ^ { 9 } + 3353 t = - 5.8 t
3 g ^ { 3 } b ^ { 2 } + 3615 h ^ { 27 } i p ^ { - 4 }
- 2 a ^ { - 1 } h ^ { 4 } p + 644 p ^ { 2 } i ^ { 4 }
26 k h ^ { 52 } m = - 27 t p + 2 j ^ { 6 } a ^ { 9 }
1.56 g ^ { 6 } v ^ { - 29 } + 3 x e ^ { 44 } u ^ { 6 }
8002 e ^ { 8 } l
11 e ^ { 3 } t x ^ { - 10 } k ^ { 5 }
88.62 m ^ { 5 } = - 741 i ^ { 2 }
68.6 q - 21.83 r s + 9.2 t ^ { - 76 } s = - l n ^ { 2 }
- 4.28 m - p - 5 g ^ { 1 } e ^ { 8 } j ^ { 4 }
2 v ^ { 6 } n ^ { 2 }
3 s ^ { - 9 } v a i ^ { 9 } - 8431 w ^ { 9 } e a r ^ { 1 }
514 k ^ { 2 }
- 7.74 g ^ { - 1 } - 5 + 8 b ^ { 92 }
5 y ^ { 4 } - 9 = - 76 h + z ^ { 6 }
1 k ^ { - 66 } i ^ { 8 } - 137 z ^ { 1 } + 2 r
- 5.4 = - 21 n e + 96
4 h ^ { 8 }
- 35 h
98 x i
8 k ^ { 65 } z ^ { 9 }
24.4 i ^ { 1 } c + 9 u ^ { 3 } b r ^ { 7 } - 1 t
6.8 v z = 24.1 v ^ { 5 } b ^ { 7 }
- 76 m + 66.10 n ^ { - 8 } - 2001 n = - 4.84 + 331 b r
402 w i
49 d l - 6.02 f ^ { 6 } v ^ { - 3 } + 4.6 m d = 73 w ^ { - 8 }
- 421 s ^ { 16 } + 8.2 n + 4 i ^ { 5 } o ^ { 53 }
- 4.0 e ^ { - 2 }
2 i ^ { - 2 } a ^ { 1 }
- 74 r ^ { 5 } m ^ { 79 } - 65.3 e ^ { 56 }
6.7 b ^ { - 9 }
- 9 d h ^ { - 9 } r ^ { 1 } + 50 a ^ { 5 }
82.5 v d ^ { - 5 }
6 l ^ { 2 } s ^ { 2 }
97 d ^ { 65 } - 41.37 y ^ { - 7 }
- 4 o
3 s x
2 o - 92 c ^ { 5 } x ^ { 6 } g ^ { 7 } v ^ { - 3 } - 78.2
- 0.6 f ^ { 4 } - 37 j ^ { 8 } t - 9 b p = e h + 6
6 s ^ { 9 } m + 3.7 k ^ { 24 }
3 p ^ { 7 } + 157 v ^ { - 9 } z r ^ { 1 } - 5 v ^ { 40 } s
84 e a ^ { 8 } m ^ { 8 } - 33.9 - 58 x e f ^ { 1 } c ^ { 1 }
- 86.75 h ^ { 64 } d ^ { 21 } z - 3.36 u ^ { 3 } g = 89 p ^ { 3 }
7.52 j - 54 m ^ { 8 } + 6.2 e ^ { - 3 } l ^ { 10 }
6640 x ^ { - 5 } a ^ { - 5 } = n i - 9 o ^ { - 5 } e ^ { 1 }
- 44 y h = 6 u m
1 p ^ { 8 } - 365 x ^ { - 6 }
- 48.76 c ^ { 9 }
36 o ^ { 2 } e ^ { 22 } + 85 w ^ { 6 } r + 65 r ^ { - 5 } = 73
2199 m ^ { 6 } a
569 p g ^ { - 6 } d + 884 o ^ { - 93 }
- 6.82 d ^ { - 8 } c ^ { 3 } p ^ { - 5 } = 8.84
17 k ^ { 4 } + 26 b ^ { 59 } s ^ { 9 } m ^ { 3 }
- 12.48 x o ^ { 4 } + 25.17
- 1 r ^ { 12 } + 64 c ^ { 8 } h ^ { 5 } + f ^ { - 8 } x
13 t ^ { 6 } - 96 q ^ { 8 } r n ^ { - 5 } = - 80 - 4 l a
- 3549 p ^ { 23 } u ^ { 9 } + 97.5 d ^ { - 6 }
l a + 31 n ^ { - 6 } g
38 q h ^ { 1 } u ^ { 2 } - 54 n ^ { - 2 } j
9.4 u + 12 h ^ { 5 } + 88 b y
- 7 x ^ { 3 } = - 73
5.4 j g ^ { 4 }
- 5.3 a ^ { 7 } - 7.4 s ^ { 4 } + 424 k ^ { 5 } = u
- 2.26 t - 9.1 t = - 16 f ^ { - 4 }
e ^ { 6 } + l ^ { - 3 } w
9 y ^ { 7 } g ^ { 5 } m ^ { - 7 } n - 39.93 h ^ { 4 } - 923
5.3 r ^ { 20 } f
74 h o ^ { 78 } c + 49 x ^ { 4 } t
- 2 r ^ { 5 } b ^ { - 90 } - 7.8 s ^ { 6 } c
75 o ^ { 1 } f - 7 t ^ { 7 } - 9.34
- 3393 y m k + h ^ { 41 } a - 52 k
k + z ^ { - 2 } - 46 s m ^ { 26 } l = 9.4 + 7 u
- 4.40 x m c ^ { - 86 } - 245 t ^ { - 97 } + 1 - 439
4.55 - 68 d ^ { 6 } u ^ { 1 }
3.4 + 37 s = 1 j ^ { 6 } + 624 y
- 573 h ^ { 5 } - 49 m b ^ { - 9 }
- 10.5 m ^ { - 2 } + 39 i ^ { 15 } u ^ { 3 } = - 56
962 k ^ { 34 } = - 29.46 j ^ { - 4 }
- 9 c ^ { 1 } = - 7 f ^ { 8 } + 9.5 c ^ { 3 }
517 d ^ { 3 } w ^ { - 8 } z ^ { 8 }
426 s ^ { 3 } p ^ { - 51 } - 96.10 s ^ { 7 }
2.33 v ^ { 4 } - 2 q ^ { 4 } + 9 o ^ { 4 } a ^ { 6 }
57.4 w ^ { 3 } x ^ { 9 } + 467 + 31.69 v ^ { 1 } = - d n
60 u ^ { - 1 } - 4 u ^ { 5 } i ^ { 6 }
- 68 b
- 6.22 l ^ { - 5 } s - 73 d ^ { - 9 }
- 35.0 - 78 t ^ { 7 } - 67 a p
59.48 t ^ { 8 } z ^ { - 46 } v ^ { 8 }
- 4 k ^ { 5 } - 20 p ^ { - 96 } = - 1.24 + 5 x z ^ { - 7 } + 34
- 1 i ^ { - 4 } l ^ { 5 } - 29 r x ^ { - 8 } = 24.95
- 90 h = 2 g a + 1 d ^ { 4 } z
39.89 c ^ { 1 } o - 8 o y - 41.5 = - 61.1
- 48.71 o q g h ^ { 6 } - 14.1 o ^ { 3 }
75 i ^ { 9 } n ^ { 2 }
- 80.83 q i ^ { 1 } + 4157 p y ^ { 29 }
11.3 s ^ { 8 } + o ^ { 4 } c ^ { - 9 } = - 3 - 7.60 q ^ { 5 }
0.6 + 7 w ^ { 3 } k ^ { - 3 } z + 23 s u f r
- 1 v ^ { - 9 }
32.54 l ^ { 8 } u v ^ { 7 }
- 20.4 c ^ { - 1 } v = 11 a ^ { 1 } f ^ { 8 }
3.1 p ^ { - 9 } e ^ { 3 } s ^ { 3 } + 9867 f ^ { 6 }
- z j ^ { 5 } + 61.99 h ^ { 9 } o ^ { 8 } x ^ { 2 }
- 36.8 f ^ { 1 } + 8 d ^ { 2 } l
20.9 f ^ { - 3 } c ^ { 2 } + 7.8
e - 7.6 o ^ { 2 } y - 249 p ^ { 6 }
- x ^ { 3 } p ^ { 2 } = - 1 n ^ { - 9 }
9.54 o ^ { - 5 } u ^ { 2 } + 319 h y ^ { 8 } f - 75
o ^ { 3 }
- 69.3 j + 7.9 b ^ { - 1 } y = - 19.9 e ^ { - 5 } q - 5 m
3.0 b ^ { 5 } + 3 m ^ { - 50 } - 6.02 w ^ { - 3 } = 48 f ^ { 5 }
96.66 s ^ { 82 } + 2881 d h = 4 v ^ { 8 }
- 243 n ^ { - 7 } + h ^ { 9 } d ^ { 4 } e + 125
- 37 a ^ { 5 } b y ^ { 7 } - 1068 u ^ { 6 }
1.3 y ^ { 88 } d ^ { - 5 } k ^ { 6 } t ^ { 3 }
11.95 d ^ { 4 } m ^ { 1 } + 30 h ^ { 3 } a ^ { 2 }
2.0
- 937 i ^ { 8 } = - 16 j ^ { 4 } i ^ { 8 } + 4 b l ^ { 7 }
6 i ^ { 8 } k ^ { 6 } - 262 = - 8 m ^ { 6 } b
- 25.22 s ^ { 97 } y t ^ { 5 } i - 77 y
589 w ^ { - 5 } i ^ { 38 } + 232 e ^ { - 3 } y r ^ { 86 }
3 i ^ { 5 } f ^ { 6 } + 767 + 3.43 w ^ { 6 } s
45.5 f ^ { 8 } s = 7 + 34 p ^ { 2 } y ^ { - 9 }
- 86 o ^ { - 27 } g x ^ { 7 }
- 5480 h ^ { 5 } - 4
- z ^ { - 1 } c + 764 j ^ { 7 }
15 e ^ { 55 } - 5.81 o ^ { 1 }
346 x
- 98 u + r u ^ { 2 } - 3.50 g ^ { - 38 } q = 36 b ^ { 8 } l
20 y q ^ { 33 } f + 4430 y ^ { 3 } z - 48.2 v ^ { 2 } = - 2 a
- 3 g ^ { - 8 } s + 54.5 h
- 4.5 r ^ { - 8 } - 50.95 f ^ { - 1 } = - 6.14 k ^ { - 1 } b
- 34 g ^ { - 3 } k ^ { 6 } v ^ { - 14 }
5 f + 30.98
357 i ^ { - 8 } - a ^ { 4 } = u ^ { 4 } + 28 f ^ { - 2 }
- 9 a ^ { 4 } + 94.4 n ^ { 2 }
k = c ^ { 5 } + 7.2 h ^ { 8 }
- 0.8 k j + 3 r ^ { 2 } q ^ { 3 }
76.82 l ^ { 7 } + 51.12 = 29.1 e ^ { - 3 }
- 4 p ^ { 9 } j ^ { - 2 } w ^ { 9 } + 4983 - 515 h f ^ { 1 }
- z
5 j ^ { 7 } c + 81 p
- 5.63 v ^ { 3 } n ^ { - 1 } + 5.7 q + 66 y ^ { 5 }
35.14 u + 6 a ^ { 9 } + 5 d k ^ { - 4 }
75 u k ^ { 20 } g = 76.9 v + 9
603 x ^ { 3 } v
7114 x v ^ { - 3 } c ^ { 9 } + 9 + 3 g ^ { 8 }
- 561 g ^ { - 6 } - 6233
o i ^ { 6 } w + 18.97 y ^ { - 9 } d ^ { 5 }
- 5 z ^ { 8 } m + 959 c ^ { 9 } z ^ { 87 } + 2828 q
7 b ^ { - 4 } z ^ { - 3 } - 3 g
- 277 z ^ { 4 } + 5.8 l ^ { 8 } = - u ^ { 6 } - 21
2 y ^ { 86 } h ^ { 8 }
60.2 x y + 80 z ^ { 1 }
3578 n f ^ { - 4 } a
- 6 d ^ { - 9 } p ^ { - 4 } = 41 j ^ { 4 } + 4 m ^ { 7 }
- 3 d ^ { 4 }
- 38 m ^ { 8 } i ^ { 53 } + 9.6 f z s ^ { 4 }
- 23 d + 74.31
q n ^ { 7 } - 135 h ^ { - 1 } + 3 p ^ { 54 } = - 3 n c
1.85 f ^ { 36 } x ^ { - 6 } n ^ { 2 } - 7 z
6.9 k ^ { 74 } - 8.75 x ^ { - 95 } = b ^ { 4 } e + e z
- 89.7 x j ^ { - 3 } + 49 e ^ { - 53 } v + 80.16 r ^ { 3 }
52.70 x ^ { - 61 } + 73
h ^ { 3 } - 77 u ^ { 4 } e ^ { 4 } = - 6.2 - n ^ { - 8 }
0.0 - 3 q
- 2 w ^ { - 92 } p ^ { 1 } + 4498 y
- h ^ { - 5 } + 8 a ^ { 5 } = - 86
- 9345 d
- 7.50 o ^ { - 4 } z ^ { - 2 } - 5 j ^ { - 3 } a ^ { 6 }
- 97.27 c h ^ { 2 } - 47.9 u ^ { 69 } c
44.0 j ^ { - 5 } u i ^ { 3 } + 1.52 e
- 398 e ^ { 6 } m ^ { - 5 } - 18 f ^ { 55 }
- 8 d ^ { 9 } - 2 k ^ { 4 } e p
4 h ^ { 6 } + 62.5 z
- 41.06 r ^ { - 6 }
- i g ^ { 4 } x ^ { - 9 }
62 c o ^ { 3 } t ^ { 87 }
98.8 g ^ { - 9 } t ^ { 4 } m ^ { 97 } = 32.92 g ^ { - 1 }
g ^ { 3 } + 59.35 p + 58.3 s d ^ { 6 } = 7
- 70 h ^ { 4 } - 42 g t ^ { 89 } i ^ { 98 }
- 60 l e ^ { - 6 } f ^ { 5 } t ^ { - 8 } - 8 z ^ { 5 }
5.7 j ^ { - 4 } - 46.1 t z ^ { 55 }
76 b + 94 t ^ { 37 } - e ^ { - 5 } t
6.38 h o ^ { 33 } + 50 e ^ { 2 } a ^ { 4 } g ^ { 3 }
85 t b + 46 m ^ { 8 } = 1.77 m
65 c ^ { 6 } h ^ { 35 } y + 99 b ^ { - 9 } - 71 g ^ { 7 } a
- 18 z ^ { - 5 } - 55
4 g
89 z ^ { - 6 } + 6553 g ^ { 34 } j ^ { 8 }
- 77 + 412 k - 9 p ^ { 6 } e ^ { - 7 }
62.33 u ^ { 9 } + 1.10 e + 58 y ^ { 1 } - 34
- 7 i ^ { 2 } v - 4 g m ^ { - 6 }
53.6 r = - 7 - 97.0
226 t ^ { - 92 } + 67 c ^ { 8 }
- 13.6 + 96 g = 8.4 k ^ { - 8 } - v
55 e b ^ { 8 } + 754 y ^ { 3 } - 4.7 s ^ { - 4 }
- 9
740 h
20.85 e n ^ { - 8 } + 45.9 f z
- 5 o ^ { 3 } + 27 g ^ { 3 } e o ^ { 5 } - 7.81 w ^ { 8 }
7 m + 45 l ^ { 5 } z d ^ { - 1 }
705 n + q ^ { 6 } r ^ { - 9 } = 4 k + 31.2
- 84.22 + 2 g ^ { 50 } h ^ { 6 } j ^ { 8 }
314 t ^ { 9 } o ^ { 1 }
- 52.0 + 8 k ^ { - 2 } o e ^ { 9 } - 9 b
- 76 j ^ { 5 } - j ^ { - 42 } x ^ { - 9 } - 2.9 p ^ { 53 } l
8
17.08 + z ^ { 6 } w ^ { - 1 } - p ^ { - 70 }
- 68 k - 489 o ^ { - 2 } = - n ^ { - 9 } j ^ { 3 } - 4
- u p ^ { 5 } + 18 v ^ { 99 } u c ^ { - 1 }
- 26 p + 7.42
- 2 b ^ { 9 } - 762 i d ^ { 66 }
6.13 t ^ { 8 } k ^ { 6 } - 3 k ^ { - 7 } - 4 o ^ { - 2 }
55 z ^ { - 22 }
77.2 a ^ { 7 } - 707 d ^ { 2 } = - 52 + 43.9 r ^ { 8 } h ^ { 8 }
2 v ^ { 3 } a - 4.3 r ^ { 8 }
- 81 - 0.58 g + 2 a ^ { - 5 } = - 24 r
8.69 m ^ { 5 } j ^ { - 6 } = 86.3 p ^ { 2 } + 85 w ^ { - 4 }
12 b ^ { - 6 } i
90 g ^ { 6 }
310 m ^ { 6 } l ^ { - 88 } - n ^ { 3 } x = - 3.1 + 3
72.5 e ^ { 8 } f ^ { 2 } + 7 b h = 3 - 97 n i
9.8 o ^ { - 1 } + 4.34 z ^ { 1 } = 8 o ^ { 6 }
- 14 u l j ^ { - 6 } - 16 r ^ { 6 } = - 54.0 f t ^ { 2 } + 7
- 19 s ^ { 5 } i ^ { - 1 }
- 5.6 g ^ { 1 } + 6 = - 99.18 m h ^ { 2 }
86.8 y ^ { - 7 } + v ^ { 8 } k ^ { - 2 }
9 l ^ { 1 } q p - 3.3 c ^ { - 4 } s
- x + 9.4 k ^ { 9 } t ^ { - 6 } s
712 s ^ { 5 } x ^ { - 4 } + 4.6 p ^ { - 1 }
454 n ^ { - 9 } x ^ { - 5 }
24 u ^ { 4 } + 54.5 t ^ { 8 } r ^ { 3 } - 828 k ^ { 8 }
35 f n
- 34 b ^ { - 8 } x ^ { 8 } - 23.4 h z - 4.63 v o ^ { 7 } p
9 n ^ { 6 } o ^ { - 5 } m ^ { - 1 } q ^ { 7 } + 994 p h
- 21 d ^ { 3 } f o ^ { - 1 } + 69.05 p ^ { 9 } - 33.87 m
83 d i ^ { 9 } x ^ { - 4 } + 3116 l c ^ { 6 } = - 38 r
a ^ { 65 } p + 55 x ^ { 3 }
- 782 p ^ { 9 } - 96 u ^ { - 3 } + 18 b ^ { - 4 } - 44.42
2 l ^ { 2 } + 525 l + 60 a ^ { - 6 } i ^ { 8 } m ^ { 38 }
m
- 4 o ^ { - 7 } + 95 y
- 74.83 z ^ { 4 } = - 5 d + 5 t ^ { - 9 } p ^ { 2 }
- 33.46 y j ^ { 2 } p ^ { 7 } + a h + 419 v ^ { 2 }
- 1.9 s ^ { 3 } i = - 24 s - 54 m ^ { - 5 }
492 t q ^ { - 3 } j + 911 e c ^ { 6 } z - 6.0 l w ^ { 26 } - 4.3
5 o ^ { - 2 }
2.61 t ^ { 7 } p ^ { 4 } c ^ { 8 } + 44 x ^ { - 6 } = - 48
2.2 - 6 i ^ { 1 } m ^ { 77 }
- 9 j ^ { 16 } y ^ { 9 } + 2.9 - 79 z ^ { 1 } x ^ { 57 }
97 d + 69.85 z ^ { 9 } n
- 7.91 m = - 60 p + 80
- 8533 r y - 62.4 e ^ { 9 } - 10 p ^ { 1 } w + 50 h ^ { - 2 }
60.31 w ^ { - 74 } + 2121 p ^ { 5 } t = - 6.7 v ^ { 6 } + o
97.4 c f
- 16 a ^ { - 68 } n ^ { - 2 } + 9 q ^ { - 92 }
7366 f ^ { 1 } + m ^ { 48 } + 568 d ^ { 8 } h ^ { - 28 }
843 m ^ { 7 } e ^ { 5 } + 1470 y ^ { 4 } s c ^ { 5 }
- 2.1 t ^ { 9 } n ^ { 1 } - 5837 k e + 18 c = - 98 x w ^ { - 8 }
1 p = 9 g ^ { 1 } m + 4.46 r w ^ { - 8 }
86 m ^ { 7 } k ^ { - 3 } - 221 m t = 1 i f ^ { 3 } - 5
- 442 u ^ { 9 } = - b ^ { - 1 }
5.2 u ^ { 7 } + e ^ { 5 } = - 5
- 894 - 49 w ^ { - 2 } = u ^ { 2 } p + 591 l w
35.8 v ^ { 7 }
67.17 - 45 g y k ^ { - 2 } j = - 3.2 u ^ { 6 } + 32 j
86 a ^ { 2 } - 45.66 n g = 49 o y + p ^ { 4 } j ^ { 7 }
1 i y - 8 s ^ { 7 } w ^ { - 5 }
746 x ^ { 8 } + 26 z
39 k ^ { - 3 } = 82 c f ^ { 6 }
4.04 - 20 h ^ { 1 } i ^ { - 4 } + 1331 r
- 646 a ^ { - 8 } p ^ { 9 }
68 d ^ { 5 } = e ^ { 7 } + 7.5 j - 2 m ^ { 2 }
2 h ^ { 97 } - 78 o b ^ { 2 }
h ^ { 6 } o
- 93 k + 4 n ^ { 8 } g - 5 p ^ { - 7 } + 44.43 w ^ { 9 }
549 p ^ { 35 } - 9 n ^ { 1 } m - 44 c y d ^ { 1 }
h + 8 b p = 78 h ^ { 4 }
8 y ^ { 35 }
76 d ^ { - 4 } + 73.09 d
- 9.46 r ^ { - 3 }
11.95 g ^ { - 8 } y ^ { - 3 } + 99 u ^ { 2 }
9.9 l w ^ { 1 } c = - 80.9 g + 7.1 l p
66.2 s q + 9 y i z ^ { 5 } - 18 s ^ { 71 } i ^ { 4 }
3830 m ^ { 84 } = 75 + 6
- 7 + 61 j g ^ { 9 }
59.0 q ^ { 2 }
- 15.48 f p ^ { 6 } - 5.96 j ^ { 4 } - 10 i ^ { 9 } = - 363
- 4856 t ^ { 1 } i
- 94.7 x n ^ { 8 } r ^ { 47 } - 97 o
7 z a i ^ { - 8 } + 9.57 s ^ { 35 }
5 x ^ { - 7 } z ^ { - 6 }
99.79 t ^ { 20 } s ^ { - 9 } - 1.4
57.36 g ^ { 1 } v ^ { 3 } - 3 y ^ { - 3 } q ^ { - 7 }
- 40 p ^ { 6 } + 28 f ^ { 2 }
59 n a v ^ { 7 }
174 r ^ { - 1 } - 53.9 p f ^ { 5 } + 16 d
- 7.1 k ^ { - 9 } = 31 j
b ^ { 97 } o h ^ { 3 } = 3 x ^ { 1 } d ^ { 4 }
46 q y ^ { 5 } d + 70.4 k = - 7.05 - x i
7 + 88 s u ^ { 2 } e ^ { 9 } d ^ { 13 } + 554 p ^ { 98 }
21.2 q ^ { 9 } + 44.40 u i ^ { 8 } e ^ { - 9 }
t ^ { - 2 } i + 2.91 t ^ { - 41 } = x - 9 z d ^ { - 8 }
27 q ^ { - 5 } b + 6 g ^ { 15 } s
- 21.7 p ^ { 4 } c
- 7.27 b ^ { 7 } v ^ { - 8 }
- 9.25 + 1 m o ^ { - 7 } a
- 8.84 h ^ { - 48 } a ^ { 6 } + 2 e t - 90 i ^ { 5 }
- 2.10 + 1.43 r ^ { 4 } a ^ { 3 }
1.7 b ^ { - 8 } + 7 q v ^ { 3 }
- 5.02 a ^ { - 1 }
5 q ^ { 2 } a ^ { 2 } l - 2.15 r ^ { 8 } c ^ { 1 }
84 f ^ { 8 }
- g l - 1
1 h - 34.14 m ^ { 5 } k + 7 o = 4.8 y l
6.9 s ^ { - 1 } p - 86.15 g ^ { - 7 }
707
43 w ^ { - 8 } t f - 76.82 p = 8.0 - 7 s ^ { 1 } e
- 77 s z d ^ { 1 } + 2.00 h ^ { - 3 }
- 10.65 y ^ { 9 } k f ^ { 3 }
15 n ^ { 52 } = - 17 + 77
146 n ^ { 5 } s
5.1 + 97 q ^ { 5 } + v ^ { 3 } e + 0.45 g q
359 w ^ { 4 } + 76 n ^ { 7 } t + t ^ { 8 } - 88
58 k ^ { 6 } - 6 j ^ { 4 }
9.40 t ^ { 9 } d e ^ { 8 } s - d
37 k ^ { 9 } + 87.9 m ^ { 1 } o ^ { - 9 } = 11
4528 d ^ { 2 } + 62 b ^ { 24 } s ^ { 9 } - 4.11 v m ^ { - 1 }
- 1.97 c + i a + 54 a r ^ { 8 }
1.9 d ^ { 9 } g ^ { 2 } c - 2.3 c ^ { 1 } w ^ { - 1 } + 14.1 d x
- 30 t ^ { - 6 } n - 67.39 n ^ { 2 } + 30 s ^ { - 1 }
- 38.8 a ^ { - 5 } + 1
45 + 4 r ^ { 62 } = 92 - v ^ { 6 } z
- 5 v - 3 c ^ { - 8 } d
74.18 z + 14.3 e ^ { 3 } j ^ { 5 } r ^ { 2 } = q + c ^ { 9 } j
- 4 v l = - 8.58 o - 720 p ^ { 7 }
94 p ^ { 52 } + 3.48 q ^ { 9 } f ^ { 1 } - 6 u ^ { - 4 }
- 6 u a + 1.52 e v ^ { 3 }
50.30 s ^ { 1 } - 69 l ^ { 6 } b ^ { 9 } m ^ { - 3 }
5.6 x y ^ { 3 } n ^ { 5 } + l ^ { 8 } z ^ { 1 } a
12 c
- 36 v j ^ { 3 } i ^ { 8 } l ^ { 6 }
- 79 u ^ { - 8 } + 7 f ^ { 3 } d ^ { 4 }
519 q ^ { 2 } + 518 j ^ { 1 } d c ^ { 1 }
- 207 e + v ^ { - 8 }
- 64.0 x f ^ { - 4 } = - 58.1 f x ^ { - 8 } + 50.8 v ^ { - 1 } u
8.99 a ^ { 7 } g ^ { 3 } r ^ { 28 }
3 j ^ { 7 } + 1.9 e - 29 t ^ { 90 } f ^ { 62 }
k ^ { 1 } - 5 n ^ { 76 }
- 976 m ^ { 3 } + x = 80 g
- 4.72 z ^ { 14 } g ^ { 2 } + 59 c - 12 z u
4.4 h ^ { 6 } + 6 y ^ { - 57 } n = - 6 w k + n
- 201 f ^ { 7 } m ^ { 2 } g ^ { 3 } + 8117 q ^ { 4 }
- 57.09 x ^ { 5 } + 4291 x c ^ { 3 } n ^ { - 2 } + 96.0
- 14 i ^ { 1 }
- 41.1 y ^ { 9 } u ^ { - 2 } e ^ { - 9 } t
12.8 d ^ { - 2 } = 12 e ^ { - 2 } c
5.33 u ^ { 7 } + 99 l
11.1 x ^ { - 5 } z ^ { 4 } - 3833 g j
- 14 s ^ { - 5 } n ^ { 7 } + 3.50 o v ^ { 27 } - 49.13 e f - k
35 x ^ { - 1 }
h q ^ { - 7 } + g t ^ { 8 } = - b ^ { 1 }
3 b k ^ { 6 } + 22 m ^ { 48 }
s = - 9 + 13 f ^ { 2 }
3 m ^ { 6 } j ^ { - 3 } = 50 c - g ^ { 9 }
98 f ^ { - 90 } k + 9 x ^ { - 3 }
- 65.66 e ^ { 6 }
22.30 p ^ { - 6 } j
98 t + 35.6 m ^ { - 2 }
6.56 j ^ { - 1 }
50 k ^ { - 7 } w o + 389 x ^ { 3 } u + 234 l ^ { 4 }
9 j e ^ { 6 } = 19 - 831 k
- 91 i ^ { 9 } r ^ { 4 } b - 57 u ^ { - 27 }
34 u j ^ { 6 } d ^ { 21 } = - 45.8 k a
- 79.3 a q ^ { 3 } u ^ { 7 } - 4 y ^ { 9 } + 9 r ^ { 5 }
1.8 q ^ { 6 } j ^ { - 5 } u l - 4.6 l d ^ { 7 }
6 g ^ { 83 } = 4 u ^ { 3 } + 88.56 n ^ { 9 }
358 m ^ { 2 } = 6 h ^ { - 5 } - x ^ { 6 }
97.53 - 955 g ^ { 7 } y
32 h + 4.13 g o ^ { - 7 } a
- w ^ { 1 } b ^ { - 6 } = f ^ { 9 } l + 4 f g ^ { - 3 }
4 l ^ { - 3 } j ^ { 5 } e ^ { 49 } u
- 4.71 h ^ { 9 } - 876 s ^ { 3 } - a ^ { 2 } b ^ { - 9 }
3 w t ^ { 77 } = - 80
- 99 l ^ { - 33 }
329 c ^ { - 5 } x ^ { 2 } = - p z ^ { 5 } + 2 l b ^ { 4 }
- 46 l ^ { 43 } - 36.2 a ^ { - 1 } m ^ { 5 } v ^ { 9 }
623 b ^ { - 1 } r ^ { - 6 } + 797 v ^ { 9 }
- 91.0 q + 8 h ^ { 4 } k ^ { - 8 } + 77 h
36.72 m n ^ { - 4 } x + 13 b - 44 j ^ { 76 } n
- 60.4 h ^ { - 99 } k ^ { 8 } + 303 g ^ { 56 } - 19 p i ^ { 25 }
- l ^ { - 1 } m ^ { - 4 }
37 j + 61.83 o ^ { 7 }
9 u - 402 n ^ { 55 } e ^ { 1 }
7 e ^ { 6 }
237 z r d ^ { 6 }
- 27.13 w ^ { 2 } + 3 w m - 8 w = - a s ^ { 5 } + 58.50 g ^ { 5 }
- 4 c ^ { - 7 } n ^ { 7 } y ^ { 36 }
- 15.5 q ^ { 5 } g ^ { 6 } + 507 s ^ { - 79 } = 68 u ^ { 6 }
32.17 d ^ { 6 } o i h - 7 s ^ { 17 }
95 i ^ { 9 } + 174 f
365 m b ^ { 2 } a ^ { 31 } = 39 x z
- 2 k ^ { 2 } q f ^ { - 1 } + 9 m ^ { 20 }
5 m + 93.68 c ^ { - 11 } e ^ { 93 } = - 31.5 f a ^ { 8 }
- 0.64 k ^ { 7 } f ^ { 3 } - 7.78 p j ^ { 6 } a
- 7812 p ^ { 2 }
47.07 o ^ { - 8 } b ^ { 9 }
3.83 p + 4 w e p ^ { 4 } + f m ^ { 7 } e ^ { - 47 }
- 256 a ^ { 4 } - 45 e
- 7 e ^ { 5 } + 61
75 t ^ { - 5 }
1 j ^ { 5 } - 2 c ^ { 6 }
2 t z ^ { - 2 } + 4.3 b + 3 p y ^ { 4 }
- 9 s ^ { 3 } = 25 n ^ { - 9 } + 14 y ^ { 1 } m ^ { 4 }
4.3 w ^ { 6 } s ^ { - 1 } + 11.08 f ^ { - 3 } k
98.0 y ^ { 1 } v c ^ { - 7 } = t ^ { 1 } j ^ { 6 } + 2
5.6 p ^ { - 4 } o ^ { - 4 } y
- 7 f o r ^ { 3 } + 8 x = 7.79 v ^ { - 2 } - 56.47 u l ^ { 6 }
- z ^ { 2 } = 57
13 r ^ { 64 } - 379 + 9 m = - l
291 i r ^ { 28 } c = 1 h t ^ { 6 }
47 - 88.16 p
47 h ^ { - 12 }
0.7 g ^ { 4 }
- 9 q b ^ { 3 } o ^ { 4 } - 1 l ^ { 6 }
351 i ^ { - 8 } + 2.48 o ^ { 66 } + 7.99 m = 811 f ^ { - 1 } + 45 w
781
4.49 s ^ { 96 } - 2 g j ^ { - 1 } - g ^ { 2 } = - 6.10 k ^ { 7 }
- 10.0 + 4.25 r ^ { - 4 } p ^ { - 84 } - 66.07 e ^ { 6 } = - 39
l ^ { 4 } z ^ { - 4 } + x ^ { - 4 } e ^ { 9 } r - 6 a
3 e ^ { 8 } d ^ { 2 } - 4 q k - 5 g ^ { 44 } a ^ { 4 }
5 j ^ { - 1 } - 8.59 u y ^ { 7 }
- 6.63 x z + 58.38 m ^ { 2 } h ^ { 1 } + 133 z ^ { 2 }
- 0.19 g ^ { 6 } n ^ { 4 }
- 48.60 w + 8 y ^ { - 8 }
897 q ^ { 44 } = - 27.49 e ^ { 8 } u
2355 j = - 9 k ^ { - 9 }
89 - 73 z ^ { 3 } + 33.1 k ^ { 3 } u
6 t - 46.0 q ^ { 8 } t ^ { 7 } x ^ { 2 }
- 349 - 99.8 = 4.0 + 9 i ^ { 6 } - 99.28 r ^ { 6 }
21 a ^ { 46 } n
- 12.7 s f ^ { 9 } v ^ { - 7 }
- e l ^ { 6 } + 592 g ^ { - 9 } l - 0.64 s - 66 h = 5 o ^ { 9 }
- 2 i
76.03 z ^ { - 1 } m ^ { 7 } + 3 i u + 3273 l r ^ { - 9 }
12.1 u ^ { 8 } c + 86 - 14.62 k ^ { 8 } y ^ { 7 }
8 l
- 22.1 z ^ { 9 } e = 6 - 3.59 g
2 a - 6.50 = j x ^ { - 4 }
5.50 r d ^ { 3 } g ^ { 5 }
- 1 - 7 s ^ { - 6 } o ^ { - 6 } m + 77.4 k q ^ { 8 }
- k ^ { 59 } + 3 e ^ { 7 }
- 63 z ^ { - 17 } o ^ { 4 } q + 60.4 p ^ { 8 } m
1 r ^ { 34 } f ^ { 9 } w ^ { 7 }
2.89 a ^ { - 1 }
28.3 q ^ { 8 } + 6 p ^ { 5 } + 85 k ^ { 3 }
4 r ^ { 6 } + q = - c
31.2 h + 63 j ^ { 4 } n
6.9 j + 7.7 + 9 z ^ { 8 } k ^ { 4 }
65.2 r c ^ { - 23 } t ^ { - 3 } - 88 z + 26.79 h c ^ { 7 }
79.77 t ^ { 6 } q ^ { 3 } + 5 s ^ { - 6 } - 46.0 q ^ { - 2 } g
u i - 663 a ^ { 8 }
4 r u
21 t ^ { - 3 } + 35.37 g ^ { - 8 } q ^ { - 4 } = 94.0 f - 82
45 h + 2.2 y ^ { 9 } = 629 d ^ { 5 } + 58
56 g + 6 f ^ { 9 }
22 j ^ { 6 } - 1.80 w = - 132 n ^ { 2 } + 5 r ^ { 7 }
95 s ^ { - 6 } b ^ { - 7 } + 26.49 y + 38.5 h ^ { - 2 }
- 6 d ^ { - 3 }
2.71 c + 91 e ^ { - 7 } = - 5.3 + 818 t i
- 8 w ^ { 1 } o ^ { 8 } q - 48 + 35 o ^ { 8 } a i
0.5 k ^ { 12 } h ^ { - 1 } s ^ { 8 } + 3 k z o
22 z ^ { 2 } - 44.15 d p = - u ^ { 3 } i ^ { - 8 }
0.6 o ^ { 5 } + 19.3 f ^ { 3 } y ^ { 3 }
406 h ^ { 6 }
- 843 v ^ { 7 } x = - 2 e ^ { 5 }
327 a ^ { 6 } z ^ { 1 } + 5 e f
- 99 m ^ { - 97 } n = - 635 + 4.70 v l
- 8.2 h ^ { 6 } w ^ { 9 } u - j ^ { - 3 } y + 97 r ^ { 1 } q
39.82 a ^ { 79 } e + 30
- 14.35 x ^ { 25 }
938 v ^ { 7 } + 8 v ^ { - 8 }
- 96.03 a + 49 s
9.9 l e - 6 d ^ { 1 } v ^ { 8 } = g ^ { 7 } d
3.34 s ^ { - 8 } h ^ { 2 } + 729 i ^ { 2 } n ^ { 7 }
- h p ^ { 5 } + a ^ { - 3 } e ^ { 3 } + 54 v ^ { - 49 }
- 63 c + 6.5 y ^ { - 46 } - 7.63 r k
31 - 49 e f ^ { 7 } n ^ { 4 } t ^ { - 32 } + 1 o s
43 s e ^ { 2 } = - 321 f ^ { 6 } u
- 38.89 y ^ { 9 } + 4.0 w ^ { - 84 } j ^ { 7 } - 53.52
- 8270 o ^ { 3 } d v g ^ { 8 } - 79 - 29 o ^ { - 1 } n ^ { 7 }
- 90.35 y ^ { - 6 }
- 8.39 a ^ { - 4 } + 518 f ^ { 70 } x c
69 m ^ { 62 } - 42.73
- 4.43 y ^ { 6 } i ^ { - 1 }
136 k - 7 v
3 z ^ { 5 } b - 2 o ^ { 5 } c
- 3 j ^ { 6 } - u
2625 d ^ { 4 } + 88.2 + 2 k ^ { 8 } - 3 p o
8 m ^ { - 4 } q ^ { 12 } - 8.6 j = - 4.57 + 336 k ^ { 2 }
b p ^ { 60 } + 9 s ^ { 2 } - 2700 a ^ { - 8 } e
812 b ^ { 9 } + 4.69 d e ^ { 4 } - 9 c d ^ { 6 }
42.8 q ^ { - 6 } j ^ { 4 } - 77.35 a ^ { 89 }
53.6 m ^ { 6 } i ^ { - 9 } - 2 w c
36 - 25 b u ^ { 6 } g
- 865 s ^ { - 63 } - 67 i ^ { 5 } s ^ { 78 }
4 d - 62.9 l ^ { - 2 } f ^ { 1 } = 44 v
- 76 h ^ { 45 } + 8.0 t ^ { 2 } v ^ { - 3 } w ^ { 3 }
33 u + 121 g ^ { 9 } a ^ { 22 }
59.4 a ^ { - 8 } y ^ { 1 } = - n ^ { 8 } + 67
- 86 y ^ { 7 } i ^ { 6 } j g ^ { 3 } - 752 k ^ { 61 } = - 2 q
60 a
0.05 r
0.92 c + 62 s ^ { 4 } = - 189 h ^ { 6 } n ^ { 3 }
- 56 b + 15.28 w
1 h g e ^ { 5 } - 7473
53.5 d ^ { - 8 } y ^ { 3 } = - 47
82 c ^ { 2 } r ^ { - 25 }
3 n ^ { 5 } v ^ { 88 } - 1.9 k ^ { 2 } d ^ { 3 }
6 b ^ { - 5 } j = - 9.4 o f + 8 l ^ { 5 } i ^ { 3 }
- 2223 r c ^ { 1 } + 7 t ^ { - 7 } g a ^ { 9 } + 13
1 o ^ { 4 } = - 98 b ^ { - 9 }
- 632 k ^ { - 3 } - 5 a ^ { 7 } q ^ { - 8 } g ^ { 5 }
d o ^ { - 31 } + 3408 + 402 n ^ { 5 } p ^ { 7 }
t ^ { 9 } + f ^ { - 7 } m ^ { 19 }
4 n ^ { - 35 } r ^ { 6 } s ^ { - 1 } = - 45.8 d ^ { 3 } - l r
- 694 m ^ { 9 }
78.04 j ^ { 5 } + 565 b p = 14 f u ^ { - 8 }
- 58 p ^ { 6 } u t - 94.46 v ^ { 4 } x ^ { 2 } - 3 j a
722 w + 7 g ^ { - 1 } u ^ { 5 } - 39.1 q b ^ { 61 }
8.6 p ^ { 12 } x ^ { 92 }
9 f - 2 u ^ { 30 }
- 904 d ^ { - 1 } x = - 2 b
h ^ { 9 } - 37 - 4.42 m ^ { - 3 } a
534 x ^ { 5 } + 52.8 h ^ { 6 } u ^ { 7 } m
- 86.3 t ^ { 3 } g ^ { 88 } - 4
970 p d ^ { - 6 } s = 9
- 4.42 s ^ { 1 } + 5 y ^ { 4 } g ^ { 6 } + 8.33 + 7 k
s ^ { 2 } j ^ { 1 } = 221
59.0 k ^ { 75 }
7 c + 138 s ^ { 45 } - 12 u ^ { 6 } d ^ { 8 }
80.6 d
- 8911 i ^ { - 8 }
49 l ^ { - 4 } e c + 8.2 y ^ { 58 } v ^ { 36 }
0.1 x ^ { 8 } q
49.54 + w ^ { 9 }
33 v ^ { 6 } = 3.5 p ^ { 1 } a - 45 i ^ { 6 } k ^ { - 1 }
24 s ^ { 9 } z m = - 6.2 l o ^ { - 2 }
- 55.4 p ^ { 5 } w ^ { - 7 } + 753
- 6 a ^ { - 6 } - 46.95 b ^ { 3 } v = - l ^ { 8 } t ^ { 1 }
- 62.3 p - 22.2 l ^ { 4 } e + 1 w
8 q w
n ^ { - 9 } q + q i = 19 - 5.7 a ^ { 7 } i ^ { 8 } - 8.4 z w
12 n ^ { 6 } + 6 w ^ { 4 }
22 + 6.83 e ^ { - 7 } a + 29 e ^ { 3 }
33.18 s m d ^ { 4 } + 37 a ^ { - 7 } p n d ^ { - 8 } = 1
61 p ^ { 3 } m + 18.4
984 k ^ { - 23 } l - 2.6 r f + 258 v ^ { 44 } q
- 9 j ^ { 4 } v + 94.13 + 6285 i ^ { 27 }
2 q ^ { 6 } j ^ { 6 } + 50 + q ^ { 7 }
- 91.4 n ^ { 70 } = 37.5
78 g ^ { 12 } - 25.3 e + 53 r n ^ { - 30 } c = - 31
- 8 u o d ^ { 9 } + e ^ { - 1 } x ^ { 7 } + 5.6 t d
30.16 + 6322 q ^ { - 8 } = 7.7 s
415 q ^ { 9 } g - 256 k ^ { - 6 } i ^ { - 9 } h
78 - 13 n ^ { 4 } z ^ { 3 } + 956 f z ^ { 4 }
- 86.2 q ^ { - 3 } z + 9 e
- 7.03 l ^ { - 3 } b ^ { 6 } = 67 e ^ { 5 }
- 579 u ^ { 4 } h ^ { 4 } t ^ { - 9 }
- 3 j ^ { 2 } = 75.89 p + 63 - 8 y ^ { - 1 }
5 a u + 19.27 s ^ { 4 } - 6.48 o ^ { 5 } v ^ { 8 }
- 7.68 o + 40 y
77.71 l - 57 s ^ { 3 } i ^ { - 8 } w = 576 r ^ { 4 } l + 98
- 2 + c + 31.6 g + n ^ { 6 } b ^ { - 8 } = z
7.12 z ^ { 3 } e x ^ { 73 } - 47.76 j ^ { - 7 } i
- 1.8 u ^ { 4 } t i - 68 t ^ { 7 }
- 392 y ^ { 61 } = 0.9 + 53 h v
335 p ^ { 2 } + x ^ { 9 } i ^ { 5 } - 7.75 o ^ { 7 }
31 l
- 9 r ^ { 9 } m ^ { - 6 } v ^ { 6 } + 2 i ^ { - 31 } h
6 u ^ { 8 } r y ^ { 1 }
- 71.7 x f = 9 o u ^ { 8 } + 92 e ^ { 7 } f
80.73 - 67.87 n ^ { 6 }
- 247 j q ^ { - 66 } = 6
30 n ^ { 6 } = 70 + 45.88 l ^ { 4 } e ^ { 3 }
445 i ^ { 6 } d ^ { 9 }
d n s + 1.2 e ^ { 9 } y
- 73 d f t
7 o ^ { 3 }
5 d ^ { 4 } - 640
15.9 r ^ { - 9 } k
157 o ^ { 8 } g ^ { 2 }
9 q ^ { 23 } b ^ { - 9 } = 7 c - l ^ { 7 } i
- 550 q y ^ { 4 } - 82.0 g d ^ { 8 } t ^ { 1 }
39 e + 36 u ^ { 21 } t ^ { 3 } - 7 f r = - 4.4 p ^ { 7 } f
- 7.2 z s ^ { 4 } i + 1.12 e + 27 y ^ { - 4 }
7 y ^ { 15 } j + 51.26 h ^ { 6 }
- 11 y m ^ { - 2 } - 9.72 x
e ^ { 9 } + 1.88 c ^ { 2 } = y
- 1.65 x + 5 f + 2.4 w
- 3 n
- 5 v w ^ { 33 } y
9.3 z ^ { 9 } y ^ { 9 } - 28 g ^ { 5 } = 15.4 e n + 68
- 606 q ^ { 3 } - 45 u ^ { 18 }
9 o - 55 e ^ { 4 } x + m w f ^ { 3 }
- 7 w ^ { 88 } y ^ { 9 } l ^ { 5 } o ^ { - 5 }
78.5 n ^ { - 7 } + 12.27 f - 697 a ^ { 4 }
62 t ^ { - 7 }
28 c + 60 m - 9928 b s ^ { - 4 } = 56.99 n - 46.43 c
- 4 s ^ { 3 } o
- 2.5 a l + 70 + 5.86 l ^ { - 94 } r ^ { - 9 } d
52.6 w ^ { 5 } = 97 w ^ { 4 }
25 n f ^ { 8 }
1 g - 2.4 g ^ { 8 } d ^ { 13 } v ^ { 1 }
- 4 b u = 19
314 b ^ { 3 } + 56 m ^ { 5 } = - 1 h ^ { 3 } a ^ { - 4 }
63 i ^ { - 8 } - 4719 t ^ { - 8 } f e ^ { 1 }
- d ^ { 8 } i ^ { 7 } e ^ { - 2 }
- 84 c ^ { - 4 } - 9175 l + 176 u ^ { 9 } c ^ { 8 } n + 353
66 l i + 72.8 v q - 4.8 a ^ { - 4 } z ^ { 4 } = 6.3
96.2 n ^ { 9 } b ^ { 9 } - 0.27 y k + 694 n ^ { 1 }
9 w + 29.3 h
86 l ^ { 1 } f ^ { 4 } + 1 = - 4 k ^ { 9 }
d - w ^ { 84 }
6 n ^ { 4 } + 548 d ^ { 8 } = 823 b ^ { 1 } t + n g
78 - 3 s ^ { 9 }
45 l + 364 x ^ { - 80 } + 7.0 s ^ { - 1 } r ^ { 69 } = n - 0.7
79.7 p c ^ { 2 } u ^ { 6 } + 96.6 g
- 632 k w + 743 o ^ { 2 } l ^ { - 1 } - 22 e
- r ^ { - 7 } + 4 y b ^ { - 1 } + 47 n - 64.3 = - 4 m ^ { 8 }
h ^ { - 8 } a - 75 + 2 z ^ { 5 } n ^ { 2 } y
j ^ { 7 } = k + 8.39
1 q ^ { - 6 } m ^ { - 4 } + 15 p ^ { 1 } - 1 b x
46.87 i ^ { 2 } x ^ { 74 } + 11.1 t c ^ { - 2 } = 685
28 y ^ { - 5 } l ^ { - 5 }
720 q ^ { 8 } + 11.6 e ^ { 1 } o ^ { - 44 }
7 g ^ { 83 } = 23.4 h ^ { - 3 } e + 0.82
- 6 c ^ { 4 }
- 5.1 v ^ { - 6 } q ^ { 2 } + 47 m ^ { 4 }
- 9 o z q + 1244 a ^ { 46 } - 1 k j ^ { 9 } i
- 8 k ^ { - 8 } - 23 q = - 86 s
- p ^ { - 20 } + 30 m ^ { 7 } = 7.91 + 3.8
3 t ^ { - 5 } z ^ { 7 } + 7.3 b ^ { 4 } - 7 v = - 4 v - 87.87
- 6 w n ^ { 2 } d ^ { 1 }
96 - r m ^ { 2 } w ^ { 2 } o - 29 v k ^ { - 7 }
40 k ^ { - 1 } b ^ { - 60 } = - 97 g ^ { 4 }
18 r ^ { - 71 } k x + v
- 56 a l f ^ { 61 } = - 1 q
- 9 z ^ { - 9 } k ^ { 6 } + 6.07 w ^ { 3 } = - 9.9
- 3 k ^ { 26 }
26.72
1 w ^ { 81 } = - 144 x o ^ { - 8 }
- 4.2 = 23 - 3 h
93.13 d ^ { 7 } k = - 7 s ^ { 3 }
19.51 x c ^ { 8 } h ^ { 4 } + 9 d
111 a ^ { - 2 } + a ^ { 3 } i ^ { - 7 } = - 24 l ^ { 8 } j
3
- 47.37 q ^ { 7 } - 39 = - 97 t ^ { - 6 } d ^ { 5 }
40 x ^ { 7 }
30.19 r ^ { 1 } q ^ { - 8 }
44 a ^ { - 7 } + 103 i - c ^ { 41 } j = - 3 - r k ^ { 7 }
- 0.79 b ^ { 7 } - 5.4 c o ^ { 5 } w ^ { 1 } f
- 2570 j l ^ { - 8 } r ^ { 8 }
46.2 g ^ { 5 } n ^ { 8 } + 68 x ^ { - 59 } r ^ { 3 }
1.6 n ^ { - 6 } y z ^ { - 9 }
- i - 9 + 27.9 p z ^ { 3 } + 4 e ^ { - 63 }
9 j p
69.52 v n + 2615 k ^ { 8 } t p
97.1 c h + 4 w ^ { 9 } u ^ { 3 } o ^ { - 1 } l ^ { 9 }
u ^ { 2 } t ^ { 5 } = - 18 o ^ { 6 } - 5.5
7 w h ^ { 8 } m ^ { 3 } = 993 + 3.6 x p ^ { 5 }
7.0 p ^ { 7 } = - 3
1 o - 45 g ^ { - 9 } l ^ { - 5 } f ^ { 3 }
- 1 n e + 89 d
17.0 i ^ { 4 } g - 94.07 w ^ { 5 } u
- 1082 l - 978 n ^ { 6 } + 8 z ^ { 6 } d g + g
31.9 r + 2.6 i ^ { - 2 } p ^ { - 1 } + 47.1 v ^ { - 4 } = 66.1
569 u ^ { - 3 }
6 t w ^ { 5 } v - 294 y
- 4 - 73 m ^ { 6 } z ^ { 7 } + 900 n ^ { 3 } = 3.37 j ^ { 2 }
- 3 y ^ { - 88 } b ^ { 16 }
1 i
49 j ^ { 9 } y u ^ { - 65 } b ^ { 2 } + 1 r
- 1995 s ^ { 3 } + 0.20 i ^ { 91 } t ^ { 3 } + s
78 v ^ { 2 } d ^ { - 5 }
3 u ^ { 8 } q ^ { 20 } + 7.11 k ^ { 7 } p
- 86 n ^ { 7 } t ^ { 4 } + 7.2
- 283 e ^ { 90 } + 8382 k ^ { 2 } j ^ { 6 } - 0.3 x ^ { 3 }
618 p - 5 z ^ { - 3 } a ^ { - 2 } + 41 w f ^ { 2 }
0.1 f ^ { - 1 } r ^ { 3 } - 26
r ^ { 8 } f ^ { - 5 } + 573 a ^ { - 1 } = - o ^ { - 3 }
- 5 l ^ { 3 } - 49 b r ^ { 3 }
- 0.6 n ^ { 6 } i ^ { - 9 } = a ^ { - 2 } p
499 w ^ { 1 }
1.9 n ^ { 5 }
301 - 40 w ^ { 7 } r + 4.6
- 54 b y ^ { - 47 } - 234 d p ^ { 9 } b ^ { 9 }
- 3 k ^ { 7 } t ^ { 6 } + 6 q
32 t ^ { 4 } u ^ { - 6 } q = - 7 + 31 m ^ { 1 } i
541 p ^ { 44 } + 5
6.62 r ^ { - 8 } a ^ { 5 } - 3 h ^ { 3 } i ^ { - 8 }
51.7
25.3 k
- 77 = 24
- h ^ { 4 } z - 3 t ^ { 2 }
- 8 j n ^ { - 6 } + 28 j + 63 i ^ { 1 } t
434 c ^ { 1 } + 7 - 42 u ^ { 7 } x ^ { 1 }
7 k ^ { 44 } m = - 62 + 986
g ^ { 17 } j ^ { - 7 } - 19 x ^ { 5 } + 3.78 p ^ { 9 }
75.2 m ^ { 14 }
- 362 k ^ { - 5 } = 6 d ^ { 2 } a ^ { 4 } - 9 m ^ { 1 }
4 b ^ { 9 } i ^ { 8 } + 68 + 0.1 p w ^ { 13 }
4 p = - 6 f + 0.2
- 8 n ^ { - 46 } u s ^ { 4 }
9
- 4796 z m ^ { - 7 } + 5.52 q s ^ { - 7 }
- 8.6 h ^ { 9 } - 46 h x ^ { 6 }
- 51.5 a ^ { 4 } d
3.19 + 75.5 u ^ { 4 } - 73 t x u ^ { 7 }
93.4 + 328 m q - y h ^ { - 56 }
2 p + 8 = 8.71 f ^ { 4 } + a ^ { - 2 }
79 j ^ { - 56 } n ^ { - 5 } t ^ { - 4 } g ^ { 16 } = - 3
66.8 q ^ { 5 } m p ^ { 9 } + 1.9 n ^ { - 2 } - 45 m l
77.35 e ^ { 2 } = - 0.83 f ^ { 8 } n - 0.7 d p
7.7 z ^ { 7 } l ^ { 1 } a ^ { 1 } + 99.10 - 59.12 g q ^ { 3 }
a + 6 n ^ { 4 } + 2.5 r ^ { 22 }
- 79 r q ^ { 6 } = - 7.7 u ^ { 2 } v
10 x ^ { 8 } w ^ { 2 } + 4 m + 6967 y b ^ { 2 } = - 8.66
2.4 k u ^ { - 64 } - 674
- 927 u ^ { 6 } - 1 b
1 b ^ { 7 } + 7.54 h ^ { 47 } m ^ { 4 } + 78 d ^ { - 4 }
9075 + 74.33 q ^ { 2 }
- 7.32 r ^ { 11 } j y - 8.2 y ^ { 2 } + 18 b ^ { 5 } x
9 w ^ { - 8 } m ^ { - 1 } k ^ { 8 } = - 5.92 y ^ { 7 }
- 43 q z + 63 j
- 95.0 + b ^ { - 4 }
2.3 v ^ { - 9 } p ^ { 3 } + 3402 m y + 8 l ^ { 4 }
- 1383 h ^ { 6 } d ^ { 85 } = - 874 r + 60 o s
- 7.09
- 4 g = 31 k ^ { 2 }
- u f h ^ { 2 } - 4552 k ^ { - 1 } n ^ { - 9 }
q ^ { 2 } x ^ { - 5 } + 3 + 49.14
- 1 m + 74.53 i u e + 2 p ^ { 2 }
85.7 e ^ { 2 } + 6963 j ^ { 2 } f ^ { 7 }
741 - 90.0 w ^ { 46 }
32.84 c ^ { 5 } + 43.89
- 2 f h ^ { - 6 } - 56.98 x + 31 r ^ { 6 } k ^ { 6 } m ^ { 7 }
- 459 t ^ { 8 } q ^ { - 6 } o
1 n
- 6311 + 4.51 g ^ { 9 }
- 5.4 x ^ { 3 } l ^ { 5 } n + 610 q ^ { 29 } s ^ { 6 }
12.7 l ^ { 7 } h n
x ^ { - 9 } e ^ { - 2 } a ^ { 7 } = - 48 c ^ { - 7 } l
9 v + 20.56 z = 6 b ^ { 2 } - r h ^ { 7 }
4.92 l ^ { 7 } d ^ { 5 } = 10 - 75.02 l ^ { - 6 }
- 5 w ^ { 5 } = 90 o ^ { 3 }
918 v
6.57 + 20.00 b ^ { 2 } + 40.48 g ^ { - 3 } j ^ { 1 }
1.0 e ^ { 7 } = w
0.73 q u ^ { 92 } = - 621 s ^ { - 7 }
- 9.5 h t ^ { 6 } p ^ { - 3 } = 696
41 n q ^ { 7 } f ^ { 2 }
- 3 + 28 h ^ { 3 } + 9.4 y ^ { - 5 } i = 3 x ^ { - 9 }
4.65 y ^ { 3 }
218 n ^ { 5 } + 73.6 w s i ^ { 12 }
3
745 j ^ { - 4 } - 4 y ^ { - 5 } + 47 i
- 78 a j ^ { - 3 } - 56.5 x ^ { - 7 } a ^ { 9 }
- 2.9 z ^ { - 2 } w ^ { 1 } + 6 v - 2 n ^ { 4 } z ^ { 86 }
4.2 p ^ { 4 } = 5 + 787
43.76 r ^ { - 8 } = - 48.33 d ^ { 3 } f ^ { 3 }
- 78 n ^ { 7 }
- 1.7 g p ^ { 8 } + 295 z ^ { 5 } m ^ { 6 } u
- 44 b ^ { 56 } u ^ { 23 }
98 b h ^ { 9 } - 947 u ^ { 14 } o ^ { 2 } t ^ { 9 }
8 r ^ { - 9 } k ^ { - 2 }
6 y ^ { 9 } i ^ { 1 } a + 46 j ^ { 8 } u ^ { 6 } b ^ { 7 }
37 y ^ { 2 }
15 w ^ { 3 } = 54.5 d ^ { - 2 }
65 i ^ { - 8 } n + 7898 m ^ { - 4 }
81 m r = a ^ { 1 }
- 7 n
5 c ^ { 4 } - x ^ { - 2 } = 18 s ^ { 9 } k - d p
6.81 h m ^ { 9 } k + w ^ { - 47 } p
- 6 p ^ { 9 } c ^ { - 5 } e ^ { - 45 } - 85 d ^ { 8 }
- 84 + 2 g ^ { 8 } - 7.2 j ^ { 9 } + 5.5 v
6133 m ^ { 2 } s ^ { 5 } = 51 h ^ { 7 } l ^ { 7 }
91 f - 28 v w ^ { 8 } t
- 4 - 8 m ^ { 8 }
- 0.49 g ^ { 9 }
- 989 h s ^ { 6 } + 3 w ^ { 6 } - 90.7 o c r - 219 e ^ { 3 }
o ^ { 3 } - 9 = 1 t ^ { 5 } l ^ { 7 }
48 r ^ { 2 } u ^ { 2 } - 51 n
- 718 v + 894 t ^ { 82 } v ^ { 7 } x = 27 b ^ { 9 }
2.70 e ^ { 6 } - 6
- w a ^ { 9 } - 46 x w ^ { 3 }
2.60 m ^ { - 6 } a + 97.70 v ^ { 7 }
r ^ { - 6 }
85.09 p ^ { 9 } k ^ { 4 } t + 5 h ^ { - 8 } - 34 = - a + 6 z
- 1.74 h l ^ { - 52 } = - t ^ { - 9 }
19 j h - a ^ { 5 } d q ^ { 4 } + 0.22 - 295 t ^ { 6 } m ^ { 6 }
- 73.14 h ^ { - 8 } v j - 19.76 p = - 37.4 p ^ { 4 }
4 u z ^ { 6 }
- x + 52.50 o ^ { 4 } c = 41 t ^ { 7 } h + 1
- 0.45 g ^ { - 72 }
- 90.2 y ^ { 4 } + 6.3 f + 0.0 a ^ { - 9 } = - 4.27 b ^ { 4 } + 28 j
3 r ^ { 5 } m + 43.54 f + 9813 y ^ { 4 } d ^ { 9 } + 8.1 p ^ { 4 }
22 s + 1.3 m d ^ { 5 } n = 21.78 a ^ { - 4 } y
- 8.93 o c ^ { 3 } + 2 n ^ { 2 } + 6.63 y ^ { 7 } v - 88.34 g r
38.16 t k ^ { 6 } + c ^ { 42 } t i
8 f
739 l + 66 t v
42.57 b + 37 x ^ { - 9 } h ^ { 2 } = 19 d ^ { 5 } s ^ { - 1 }
34.9 - 11 n ^ { - 8 } + p ^ { 71 }
- 5.23 d ^ { - 9 } u j ^ { 5 } = - 7.73 - 1.4 a c ^ { 9 }
89.5 b ^ { 6 } + 52 v + 6301 k h
- 4 r
- 4.6 c ^ { 2 } d ^ { - 60 }
15 g ^ { 99 } u - 275 q + 9 e ^ { 1 } v ^ { 69 } + 12.6 m
94.4 r ^ { 61 } = 0.7 x g ^ { - 6 } - 4 a v ^ { 4 }
330 i ^ { 1 } + 6737 f ^ { 6 } + 54 i w ^ { - 4 } = - 3
- 2.2 u ^ { - 1 } p ^ { 2 } = 2 b ^ { 8 } + 99
- 54.37 q s
9.7 d = 31.5 e
51 d + 0.61 y l ^ { 3 } = - 6 l
6 j - 2 s ^ { - 5 } m ^ { - 8 }
h ^ { - 4 } a ^ { 65 } - 185 m - 61.2 g ^ { 26 } s y ^ { - 6 } d
8 j - 5 g q ^ { 95 } = - 7.27 h + 16 e ^ { 1 }
- 99 a k ^ { - 5 } n
- 3 z
82 w ^ { 9 } - 7 e
- 7 p ^ { 7 } m ^ { 5 }
- e ^ { 8 } + 9 b d ^ { 6 } - 37 z ^ { - 1 } r ^ { 11 }
- 7.65 g ^ { - 7 } l
672 k
- 7.3 o p ^ { 9 } = - 59 + 6 w n
568 o ^ { 1 } a y ^ { - 9 } = - 53.1 - 9.72 k b ^ { 4 }
6 q - 6.39 r j ^ { 9 } = 9 e ^ { - 7 } c + 71 x r ^ { 9 }
- 8 u = - 18
7 m ^ { 7 } u
957 j = - 94.3 y l ^ { 6 } + w ^ { 3 } a ^ { 9 }
- 5125 s o ^ { 6 } = - 1 i ^ { 1 } t ^ { 4 } + 7.94 k
72 v ^ { 1 } b - 74.4 c
- 756 j ^ { 1 }
1 t n ^ { 82 } h ^ { 7 } + 14.7 m ^ { 3 } j ^ { 1 }
7 d ^ { 2 } i ^ { 9 } + 5.9 r ^ { 1 }
- 1 g ^ { 29 } k j ^ { - 3 } = - 1.4 + 2.1 a ^ { 1 }
- 49.1 b ^ { 7 } s ^ { - 2 } = 6.26 a i ^ { 5 } - 6 v ^ { - 8 }
- 8 k ^ { 7 } p ^ { 3 } = - 55 i - 6.7 q ^ { 6 } j - 2.67
25 i ^ { 6 } t u
- 3 p + 1 s ^ { 7 } t ^ { 7 } g ^ { 7 }
8.05 z ^ { 40 }
3 o - 26.1 v ^ { - 6 } - 0.12 = - 98.7 g ^ { - 3 } a ^ { 7 }
5.92 a ^ { 9 } + 30 s ^ { 1 } k d ^ { 2 } - 4 v ^ { 4 } g
39.88 w
- 1 n u
7 j ^ { 1 }
9 h ^ { 1 } x v ^ { 29 } - 90.6 t
6 g + 8 - 60.49 b s ^ { - 52 } m
11 o - 78.02 l w ^ { 5 } h ^ { 1 } + 8 f ^ { 7 }
- 366 o ^ { - 4 } = - 3.4 k - 3.3 e ^ { 6 }
- 69 j z p
1.6 i ^ { 6 } e + 51 t ^ { - 5 } s + 1 q = - 56 f ^ { 3 }
59.05 r
d ^ { 3 } - 958 p d ^ { - 8 } = 4 + u ^ { - 3 }
- 4.8 w + 4 - 4271 d ^ { 99 } f ^ { - 7 } b
7 l ^ { 7 } = 1.7 r + 76 t ^ { 1 }
- 770
6 a = - 61 x ^ { - 6 }
80 d ^ { 8 } v ^ { - 7 }
- 22.8 n m ^ { 4 }
- 2 i c ^ { 1 } b ^ { 73 } + 5.7 f + 70 y ^ { - 54 }
- 83 k ^ { 7 } = - 3 n ^ { - 6 } + 1
- 7 r ^ { - 1 } - 9 o
- 6.31 x ^ { 30 } t + 21.81 z t i ^ { 1 } + 4.7 t = 284
84.97 f ^ { - 3 } + 7.76 t ^ { 8 }
3 s ^ { 9 } + 582 s ^ { 24 } = 2.3 + 92.0 u ^ { 6 }
77.15 f ^ { 9 } w ^ { - 3 } = 72 w ^ { 8 } p ^ { 8 } - 3
1.4 u ^ { - 9 } j
q ^ { 5 }
- 70 u ^ { 6 } b + 360 u ^ { - 6 } + 35.41 i m ^ { - 54 }
54.1 z ^ { 2 } + 7.1 j ^ { 2 }
